Archive member included because of file (symbol)

board/100ask24x0/lib100ask24x0.a(lowlevel_init.o)
                              cpu/arm920t/start.o (lowlevel_init)
cpu/arm920t/libarm920t.a(interrupts.o)
                              cpu/arm920t/start.o (do_undefined_instruction)
cpu/arm920t/s3c24x0/libs3c24x0.a(interrupts.o)
                              cpu/arm920t/libarm920t.a(interrupts.o) (reset_cpu)
cpu/arm920t/s3c24x0/libs3c24x0.a(speed.o)
                              cpu/arm920t/s3c24x0/libs3c24x0.a(interrupts.o) (get_PCLK)
lib_arm/libarm.a(_udivsi3.o)  cpu/arm920t/s3c24x0/libs3c24x0.a(interrupts.o) (__udivsi3)
lib_arm/libarm.a(board.o)     cpu/arm920t/s3c24x0/libs3c24x0.a(speed.o) (hang)
lib_arm/libarm.a(div0.o)      lib_arm/libarm.a(_udivsi3.o) (__div0)
net/libnet.a(net.o)           lib_arm/libarm.a(board.o) (copy_filename)
net/libnet.a(tftp.o)          net/libnet.a(net.o) (TftpStart)
net/libnet.a(bootp.o)         net/libnet.a(net.o) (BootpRequest)
net/libnet.a(rarp.o)          net/libnet.a(net.o) (RarpRequest)
net/libnet.a(eth.o)           lib_arm/libarm.a(board.o) (eth_initialize)
net/libnet.a(nfs.o)           net/libnet.a(net.o) (NfsStart)
drivers/libdrivers.a(cfi_flash.o)
                              lib_arm/libarm.a(board.o) (flash_init)
drivers/libdrivers.a(jedec_flash.o)
                              drivers/libdrivers.a(cfi_flash.o) (jedec_flash_match)
drivers/libdrivers.a(dm9000x.o)
                              net/libnet.a(net.o) (eth_init)
drivers/nand/libnand.a(nand.o)
                              lib_arm/libarm.a(board.o) (nand_init)
drivers/nand/libnand.a(nand_base.o)
                              drivers/nand/libnand.a(nand.o) (nand_scan)
drivers/nand/libnand.a(nand_ids.o)
                              drivers/nand/libnand.a(nand_base.o) (nand_manuf_ids)
drivers/nand/libnand.a(nand_ecc.o)
                              drivers/nand/libnand.a(nand_base.o) (nand_calculate_ecc)
drivers/nand/libnand.a(nand_bbt.o)
                              drivers/nand/libnand.a(nand_base.o) (nand_update_bbt)
drivers/usb/libusb.a(usbmain.o)
                              cpu/arm920t/s3c24x0/libs3c24x0.a(interrupts.o) (IsrUsbd)
drivers/usb/libusb.a(usbout.o)
                              drivers/usb/libusb.a(usbmain.o) (Ep3Handler)
drivers/usb/libusb.a(usbsetup.o)
                              drivers/usb/libusb.a(usbmain.o) (Ep0Handler)
drivers/usb/libusb.a(usbinit.o)
                              drivers/usb/libusb.a(usbout.o) (download_run)
drivers/usb/libusb.a(usbin.o)
                              drivers/usb/libusb.a(usbmain.o) (PrepareEp1Fifo)
drivers/usb/libusb.a(usblib.o)
                              drivers/usb/libusb.a(usbmain.o) (ReconfigUsbd)
common/libcommon.a(main.o)    lib_arm/libarm.a(board.o) (main_loop)
common/libcommon.a(cmd_autoscript.o)
                              (__u_boot_cmd_autoscr)
common/libcommon.a(cmd_bdinfo.o)
                              (__u_boot_cmd_bdinfo)
common/libcommon.a(cmd_boot.o)
                              (__u_boot_cmd_reset)
common/libcommon.a(cmd_bootm.o)
                              (__u_boot_cmd_imls)
common/libcommon.a(cmd_cache.o)
                              (__u_boot_cmd_dcache)
common/libcommon.a(cmd_console.o)
                              (__u_boot_cmd_coninfo)
common/libcommon.a(cmd_date.o)
                              (__u_boot_cmd_date)
common/libcommon.a(cmd_elf.o)
                              (__u_boot_cmd_bootvx)
common/libcommon.a(cmd_flash.o)
                              (__u_boot_cmd_protect)
common/libcommon.a(cmd_itest.o)
                              (__u_boot_cmd_itest)
common/libcommon.a(cmd_jffs2.o)
                              (__u_boot_cmd_mtdparts)
common/libcommon.a(cmd_load.o)
                              (__u_boot_cmd_loady)
common/libcommon.a(cmd_mem.o)
                              (__u_boot_cmd_mtest)
common/libcommon.a(cmd_misc.o)
                              (__u_boot_cmd_sleep)
common/libcommon.a(cmd_nand.o)
                              (__u_boot_cmd_nboot)
common/libcommon.a(cmd_net.o)
                              (__u_boot_cmd_ping)
common/libcommon.a(cmd_nvedit.o)
                              (__u_boot_cmd_run)
common/libcommon.a(cmd_usbslave.o)
                              (__u_boot_cmd_usbslave)
common/libcommon.a(cmd_menu.o)
                              (__u_boot_cmd_menu)
common/libcommon.a(command.o)
                              (__u_boot_cmd_question_mark)
common/libcommon.a(console.o)
                              cpu/arm920t/libarm920t.a(interrupts.o) (printf)
common/libcommon.a(devices.o)
                              common/libcommon.a(cmd_console.o) (stdio_names)
common/libcommon.a(dlmalloc.o)
                              drivers/nand/libnand.a(nand_base.o) (free)
common/libcommon.a(env_common.o)
                              common/libcommon.a(cmd_nvedit.o) (env_get_char)
common/libcommon.a(env_nand.o)
                              common/libcommon.a(env_common.o) (env_ptr)
[...]
Memory Configuration

Name             Origin             Length             Attributes
*default*        0x00000000         0xffffffff

Linker script and memory map

                0x00000000                . = 0x0
                0x00000000                . = ALIGN (0x4)

.text           0x33f80000    0x24590
 cpu/arm920t/start.o(.text)
 .text          0x33f80000      0x560 cpu/arm920t/start.o
                0x33f80000                _start
                0x33f803e0                Launch
                0x33f80058                PreLoadedONRAM
                0x33f80044                _armboot_start
                0x33f80048                _bss_start
                0x33f80054                FREE_RAM_SIZE
                0x33f80050                FREE_RAM_END
                0x33f8005c                IRQ_STACK_START
                0x33f8004c                _bss_end
                0x33f80060                FIQ_STACK_START
 board/100ask24x0/boot_init.o(.text)
 .text          0x33f80560      0x640 board/100ask24x0/boot_init.o
                0x33f807a8                nand_init_ll
                0x33f80a80                CopyCode2Ram
                0x33f80a54                bBootFrmNORFlash
                0x33f80ae8                clock_init
                0x33f80838                nand_read_ll
                0x33f80930                nand_read_ll_lp
 *(.text)
 .text          0x33f80ba0       0x64 board/100ask24x0/lib100ask24x0.a(lowlevel_init.o)
                0x33f80ba4                lowlevel_init
 .text          0x33f80c04      0x280 cpu/arm920t/libarm920t.a(interrupts.o)
                0x33f80e60                do_irq
                0x33f80d88                do_undefined_instruction
                0x33f80e3c                do_fiq
                0x33f80c30                bad_mode
                0x33f80c04                enable_interrupts
                0x33f80c4c                show_regs
                0x33f80c14                disable_interrupts
                0x33f80dd0                do_prefetch_abort
                0x33f80dac                do_software_interrupt
                0x33f80df4                do_data_abort
                0x33f80e18                do_not_used
 .text          0x33f80e84      0x50c cpu/arm920t/s3c24x0/libs3c24x0.a(interrupts.o)
                0x33f81024                udelay_masked
                0x33f80f04                reset_timer_masked
                0x33f812ac                Isr_Init
                0x33f81340                IRQ_Handle
                0x33f810c0                reset_cpu
                0x33f810b4                get_tbclk
                0x33f81150                Timer_StartEx
                0x33f810a0                get_ticks
                0x33f8122c                IsrWatchdog
                0x33f811ac                Timer_StopEx
                0x33f80e84                interrupt_init
                0x33f810e0                ClearPending
                0x33f80f34                reset_timer
                0x33f80fc8                udelay
                0x33f80fb8                set_timer
                0x33f80f38                get_timer_masked
                0x33f810fc                Timer_InitEx
                0x33f81264                IsrTimer4
                0x33f80fa4                get_timer
                0x33f81284                Dummy_isr
 .text          0x33f81390      0x248 cpu/arm920t/s3c24x0/libs3c24x0.a(speed.o)
                0x33f81508                get_PCLK
                0x33f815d0                get_UCLK
                0x33f81448                get_HCLK
                0x33f81440                get_FCLK
 .text          0x33f815d8       0x98 lib_arm/libarm.a(_udivsi3.o)
                0x33f815d8                __udivsi3
 .text          0x33f81670      0x328 lib_arm/libarm.a(board.o)
                0x33f81670                sbrk
                0x33f81790                start_armboot
                0x33f81758                display_flash_config
                0x33f81780                hang
 .text          0x33f81998        0x4 lib_arm/libarm.a(div0.o)
                0x33f81998                __div0
 .text          0x33f8199c     0x14f0 net/libnet.a(net.o)
                0x33f82a10                getenv_VLAN
                0x33f81bf0                NetSetHandler
                0x33f81d0c                NetCksum
                0x33f82000                PingSend
                0x33f8295c                VLAN_to_string
                0x33f82324                NetReceive
                0x33f81e98                NetSendUDPPacket
                0x33f81d58                NetSetIP
                0x33f82254                copy_filename
                0x33f8199c                NetSetEther
                0x33f81a5c                ArpRequest
                0x33f82a28                NetLoop
                0x33f81c80                ArpTimeoutCheck
                0x33f81d08                NetSendPacket
                0x33f82300                print_IPaddr
                0x33f829b8                string_to_VLAN
                0x33f821ec                NetCksumOk
                0x33f822a8                ip_to_string
                0x33f828cc                string_to_ip
                0x33f82210                NetEthHdrSize
                0x33f81c00                NetStartAgain
                0x33f8294c                getenv_IPaddr
                0x33f81bb4                NetSetTimeout
 .text          0x33f82e8c      0x6b8 net/libnet.a(tftp.o)
                0x33f83320                TftpStart
 .text          0x33f83544      0x65c net/libnet.a(bootp.o)
                0x33f838f4                BootpRequest
 .text          0x33f83ba0      0x1a0 net/libnet.a(rarp.o)
                0x33f83bf8                RarpRequest
 .text          0x33f83d40        0x8 net/libnet.a(eth.o)
                0x33f83d40                eth_initialize
 .text          0x33f83d48      0xef0 net/libnet.a(nfs.o)
                0x33f849dc                NfsStart
 .text          0x33f84c38     0x23bc drivers/libdrivers.a(cfi_flash.o)
                0x33f866ec                flash_read_jedec_ids
                0x33f86dc8                flash_init
                0x33f84c7c                flash_read64
                0x33f85b44                write_buff
                0x33f856f8                flash_erase
                0x33f84c84                flash_sector_size
                0x33f86754                flash_get_size
                0x33f85908                flash_print_info
 .text          0x33f86ff4      0x234 drivers/libdrivers.a(jedec_flash.o)
                0x33f871c4                jedec_flash_probe
                0x33f86ff4                jedec_flash_match
 .text          0x33f87228      0xc68 drivers/libdrivers.a(dm9000x.o)
                0x33f875ac                eth_init
                0x33f87bf0                eth_send
                0x33f87e34                write_srom_word
                0x33f87cc0                eth_halt
                0x33f87554                read_srom_word
                0x33f87cf8                eth_rx
 .text          0x33f87e90       0x94 drivers/nand/libnand.a(nand.o)
                0x33f87e90                nand_init
 .text          0x33f87f24     0x2d40 drivers/nand/libnand.a(nand_base.o)
                0x33f89be8                nand_write_calmecc
                0x33f8a214                nand_scan
                0x33f89314                nand_read_raw
                0x33f8ac28                nand_release
                0x33f89f84                nand_erase_nand
 .text          0x33f8ac64      0x298 drivers/nand/libnand.a(nand_ecc.o)
                0x33f8ac64                nand_calculate_ecc
                0x33f8ad78                nand_correct_data
 .text          0x33f8aefc     0x15ec drivers/nand/libnand.a(nand_bbt.o)
                0x33f8c480                nand_isbad_bbt
                0x33f8c3ac                nand_default_bbt
                0x33f8bf54                nand_scan_bbt
                0x33f8bc60                nand_update_bbt
 .text          0x33f8c4e8      0x11c drivers/usb/libusb.a(usbmain.o)
                0x33f8c5d0                _WrDbgStrFifo
                0x33f8c4e8                UsbdMain
                0x33f8c4fc                DbgPrintf
                0x33f8c508                IsrUsbd
 .text          0x33f8c604      0x3c4 drivers/usb/libusb.a(usbout.o)
                0x33f8c804                IsrDma2
                0x33f8c9a0                ClearEp3OutPktReady
                0x33f8c654                Ep3Handler
 .text          0x33f8c9c8      0xc58 drivers/usb/libusb.a(usbsetup.o)
                0x33f8ca0c                Ep0Handler
                0x33f8c9c8                PrintEp0Pkt
                0x33f8d4d4                InitDescriptorTable
 .text          0x33f8d620      0x6c4 drivers/usb/libusb.a(usbinit.o)
                0x33f8dcc8                Clk1_Disable
                0x33f8dc30                HaltDabort
                0x33f8dc78                Clk1_Enable
                0x33f8dcac                Clk0_Disable
                0x33f8d620                awaitkey
                0x33f8dbf4                HaltUndef
                0x33f8dc1c                HaltPabort
                0x33f8d690                Port_Init
                0x33f8d790                usb_init
                0x33f8dc08                HaltSwi
                0x33f8dc44                Clk0_Enable
                0x33f8d92c                usb_receive
 .text          0x33f8dce4      0x120 drivers/usb/libusb.a(usbin.o)
                0x33f8dd50                Ep1Handler
                0x33f8dce4                PrepareEp1Fifo
 .text          0x33f8de04      0x3f4 drivers/usb/libusb.a(usblib.o)
                0x33f8de04                ReconfigUsbd
                0x33f8e198                ConfigEp3IntMode
                0x33f8e010                WrPktEp2
                0x33f8df80                RdPktEp0
                0x33f8e070                RdPktEp4
                0x33f8df5c                ConfigUsbd
                0x33f8dfe0                WrPktEp1
                0x33f8e0a0                ConfigEp3DmaMode
                0x33f8dfb0                WrPktEp0
                0x33f8e040                RdPktEp3
 .text          0x33f8e1f8      0x9b8 common/libcommon.a(main.o)
                0x33f8e4b0                run_command
                0x33f8eb34                do_run
                0x33f8e2d4                readline
                0x33f8e900                main_loop
 .text          0x33f8ebb0      0x260 common/libcommon.a(cmd_autoscript.o)
                0x33f8ebb0                autoscript
                0x33f8edd0                do_autoscript
 .text          0x33f8ee10       0xe4 common/libcommon.a(cmd_bdinfo.o)
                0x33f8ee24                do_bdinfo
 .text          0x33f8eef4       0x88 common/libcommon.a(cmd_boot.o)
                0x33f8eef4                do_go
 .text          0x33f8ef7c     0x1000 common/libcommon.a(cmd_bootm.o)
                0x33f8f6c0                do_iminfo
                0x33f8f898                do_bootm
                0x33f8ef7c                do_bootd
                0x33f8f73c                gunzip
                0x33f8efa0                print_image_hdr
 .text          0x33f8ff7c      0x154 common/libcommon.a(cmd_cache.o)
                0x33f90048                do_icache
                0x33f8ffc0                do_dcache
 .text          0x33f900d0       0xd8 common/libcommon.a(cmd_console.o)
                0x33f900d0                do_coninfo
 .text          0x33f901a8      0x33c common/libcommon.a(cmd_date.o)
                0x33f903d8                do_date
                0x33f901f0                mk_date
 .text          0x33f904e4      0x394 common/libcommon.a(cmd_elf.o)
                0x33f90654                do_bootvx
                0x33f907d0                do_bootelf
                0x33f90538                load_elf_image
                0x33f904e4                valid_elf_image
 .text          0x33f90878      0xdb0 common/libcommon.a(cmd_flash.o)
                0x33f90df4                flash_sect_erase
                0x33f91260                do_protect
                0x33f90d54                do_flinfo
                0x33f90ee0                do_flerase
                0x33f91168                flash_sect_protect
 .text          0x33f91628      0x2f0 common/libcommon.a(cmd_itest.o)
                0x33f91690                binary_test
                0x33f9186c                do_itest
 .text          0x33f91918     0x2204 common/libcommon.a(cmd_jffs2.o)
                0x33f92a0c                find_dev_and_part
                0x33f9321c                do_jffs2_fsload
                0x33f92bb0                mtdparts_init
                0x33f93428                do_jffs2_fsinfo
                0x33f933a8                do_jffs2_ls
                0x33f92668                id_parse
                0x33f93580                do_jffs2_mtdparts
                0x33f934bc                do_jffs2_chpart
 .text          0x33f93b1c      0xf6c common/libcommon.a(cmd_load.o)
                0x33f93e10                send_pad
                0x33f94108                k_data_char
                0x33f94018                k_data_init
                0x33f93f38                send_nack
                0x33f943b0                do_load_serial_bin
                0x33f940a4                k_data_restore
                0x33f94040                k_data_save
                0x33f93e4c                ktrans
                0x33f93b1c                do_load_serial
                0x33f93e78                chk1
                0x33f93ed4                send_ack
                0x33f9417c                handle_send_packet
                0x33f93ea8                s1_sendpacket
 .text          0x33f94a88      0xb28 common/libcommon.a(cmd_mem.o)
                0x33f94ddc                do_mem_cmp
                0x33f94f98                do_mem_cp
                0x33f94afc                do_mem_md
                0x33f954f8                do_mem_crc
                0x33f954d0                do_mem_mm
                0x33f950cc                do_mem_base
                0x33f954a8                do_mem_nm
                0x33f94d10                do_mem_mw
                0x33f95110                do_mem_loop
                0x33f94a88                cmd_get_data_size
                0x33f95214                do_mem_mtest
 .text          0x33f955b0       0x9c common/libcommon.a(cmd_misc.o)
                0x33f955b0                do_sleep
 .text          0x33f9564c     0x1274 common/libcommon.a(cmd_nand.o)
                0x33f95888                do_nand
                0x33f9669c                do_nandboot
 .text          0x33f968c0      0x388 common/libcommon.a(cmd_net.o)
                0x33f96b8c                do_rarpb
                0x33f96ba4                do_bootp
                0x33f96bb0                do_ping
                0x33f96b98                do_tftpb
                0x33f96b80                do_nfs
 .text          0x33f96c48      0x8b8 common/libcommon.a(cmd_nvedit.o)
                0x33f97394                getenv
                0x33f9731c                setenv
                0x33f96e78                _do_setenv
                0x33f96cbc                do_printenv
                0x33f97354                do_setenv
                0x33f974d4                do_saveenv
                0x33f97410                getenv_r
 .text          0x33f97500      0x150 common/libcommon.a(cmd_usbslave.o)
                0x33f97500                do_usbslave
 .text          0x33f97650      0x5c0 common/libcommon.a(cmd_menu.o)
                0x33f976ac                param_menu_shell
                0x33f978d0                menu_shell
                0x33f977e8                main_menu_usage
                0x33f97650                param_menu_usage
                0x33f97c00                do_menu
 .text          0x33f97c10      0x308 common/libcommon.a(command.o)
                0x33f97cb0                find_cmd
                0x33f97c30                do_echo
                0x33f97c10                do_version
                0x33f97d58                do_help
 .text          0x33f97f18      0x570 common/libcommon.a(console.o)
                0x33f982ec                console_init_f
                0x33f97fc0                serial_printf
                0x33f9822c                had_ctrlc
                0x33f981bc                ctrlc
                0x33f982fc                console_init_r
                0x33f9823c                clear_ctrlc
                0x33f97ff8                fgetc
                0x33f98190                vprintf
                0x33f98048                fputc
                0x33f98214                disable_ctrlc
                0x33f98078                fputs
                0x33f980a4                fprintf
                0x33f98250                dbg
                0x33f9825c                console_assign
                0x33f980fc                tstc
                0x33f980e4                getc
                0x33f98158                printf
                0x33f9813c                puts
                0x33f98114                putc
                0x33f98020                ftstc
 .text          0x33f98488       0xf0 common/libcommon.a(devices.o)
                0x33f98488                device_register
                0x33f984ac                devices_init
                0x33f9855c                devices_done
 .text          0x33f98578     0x108c common/libcommon.a(dlmalloc.o)
                0x33f9954c                malloc_usable_size
                0x33f985ac                malloc_trim
                0x33f99478                calloc
                0x33f98edc                realloc
                0x33f98898                malloc
                0x33f98578                malloc_bin_reloc
                0x33f99344                memalign
                0x33f9958c                mallopt
                0x33f99548                cfree
                0x33f99460                pvalloc
                0x33f98684                free
                0x33f99454                valloc
 .text          0x33f99604      0x124 common/libcommon.a(env_common.o)
                0x33f99658                env_get_char_memory
                0x33f99698                env_relocate
                0x33f99678                env_get_addr
                0x33f99604                env_crc_update
 .text          0x33f99728      0x204 common/libcommon.a(env_nand.o)
                0x33f99750                saveenv
                0x33f998a4                env_relocate_spec
                0x33f99728                env_get_char_spec
                0x33f99734                env_init
 .text          0x33f9992c       0xc0 common/libcommon.a(exports.o)
                0x33f99938                jumptable_init
                0x33f99930                get_version
 .text          0x33f999ec      0x3d0 common/libcommon.a(flash.o)
                0x33f99cdc                flash_perror
                0x33f99afc                addr2info
                0x33f999ec                flash_protect
                0x33f99b44                flash_write
 .text          0x33f99dbc      0x3c8 common/libcommon.a(lists.o)
                0x33f99f14                ListSetAllocationPolicy
                0x33f99f2c                ListInsertItems
                0x33f99e1c                DisposeHandle
                0x33f99e44                SetHandleSize
                0x33f9a160                ListGetDataPtr
                0x33f9a0e8                ListGetItems
                0x33f9a16c                ListGetItemSize
                0x33f99eb4                ListCreate
                0x33f9a130                ListGetPtrToItem
                0x33f99f28                ListDispose
                0x33f9a178                ListNumItems
                0x33f9a0e0                ListInsertItem
                0x33f99e3c                GetHandleSize
                0x33f99dbc                NewHandle
 .text          0x33f9a184      0x2f8 common/libcommon.a(s_record.o)
                0x33f9a1f8                srec_decode
 .text          0x33f9a47c      0xa98 common/libcommon.a(xyzModem.o)
                0x33f9ae78                xyzModem_error
                0x33f9a4e4                parse_num
                0x33f9aaa0                xyzModem_stream_read
                0x33f9a92c                xyzModem_stream_open
                0x33f9a47c                CYGACC_COMM_IF_GETC_TIMEOUT
                0x33f9a4d8                CYGACC_COMM_IF_PUTC
                0x33f9ada0                xyzModem_stream_terminate
                0x33f9ad48                xyzModem_stream_close
 .text          0x33f9af14      0x100 common/libcommon.a(cmd_suspend.o)
                0x33f9af14                do_suspend
 .text          0x33f9b014       0x18 common/libcommon.a(my_cmd.o)
                0x33f9b014                do_my_cmd
 .text          0x33f9b02c       0x4c common/libcommon.a(crc16.o)
                0x33f9b02c                cyg_crc16
 .text          0x33f9b078      0x1f0 lib_generic/libgeneric.a(crc32.o)
                0x33f9b174                crc32_no_comp
                0x33f9b078                crc32
 .text          0x33f9b268       0xb4 lib_generic/libgeneric.a(display_options.o)
                0x33f9b288                print_size
                0x33f9b268                display_options
 .text          0x33f9b31c      0x5a0 lib_generic/libgeneric.a(string.o)
                0x33f9b744                memcpy
                0x33f9b718                bcopy
                0x33f9b53c                strspn
                0x33f9b35c                strcat
                0x33f9b494                strrchr
                0x33f9b3f8                strncmp
                0x33f9b470                strlen
                0x33f9b76c                memmove
                0x33f9b660                strsep
                0x33f9b388                strncat
                0x33f9b5dc                strtok
                0x33f9b338                strncpy
                0x33f9b6f4                memset
                0x33f9b7cc                memcmp
                0x33f9b4cc                strnlen
                0x33f9b88c                memchr
                0x33f9b824                strstr
                0x33f9b3c8                strcmp
                0x33f9b698                strswab
                0x33f9b59c                strpbrk
                0x33f9b440                strchr
                0x33f9b800                memscan
                0x33f9b504                strdup
                0x33f9b31c                strcpy
 .text          0x33f9b8bc      0x7a4 lib_generic/libgeneric.a(vsprintf.o)
                0x33f9b970                simple_strtol
                0x33f9bc10                vsprintf
                0x33f9bff8                sprintf
                0x33f9b8bc                simple_strtoul
                0x33f9c018                panic
 .text          0x33f9c060     0x2be8 lib_generic/libgeneric.a(zlib.o)
                0x33f9c230                inflateReset
                0x33f9c190                inflateEnd
                0x33f9c504                inflateInit
                0x33f9ce2c                inflate
                0x33f9c55c                inflateIncomp
                0x33f9c298                inflateSync
                0x33f9c3a4                inflateInit2
                0x33f9ead4                adler32
 .text          0x33f9ec48      0x118 board/100ask24x0/lib100ask24x0.a(100ask24x0.o)
                0x33f9ed18                dram_init
                0x33f9ed38                board_flash_get_legacy
                0x33f9ec48                board_init
 .text          0x33f9ed60      0x168 cpu/arm920t/libarm920t.a(cpu.o)
                0x33f9ee68                icache_status
                0x33f9ee30                icache_enable
                0x33f9ee4c                icache_disable
                0x33f9ee7c                dcache_enable
                0x33f9edf0                cleanup_before_linux
                0x33f9ee18                do_reset
                0x33f9ed98                cpu_init
                0x33f9ee98                dcache_disable
                0x33f9eeb4                dcache_status
 *fill*         0x33f9eec8       0x18 00
 .text          0x33f9eee0       0xa0 cpu/arm920t/libarm920t.a(suspend.o)
                0x33f9eee0                s3c2440_cpu_suspend
 .text          0x33f9ef80       0xdc cpu/arm920t/s3c24x0/libs3c24x0.a(serial.o)
                0x33f9f024                serial_tstc
                0x33f9f034                serial_puts
                0x33f9efd4                serial_init
                0x33f9effc                serial_putc
                0x33f9efe4                serial_getc
                0x33f9ef80                serial_setbrg
 .text          0x33f9f05c      0x20c cpu/arm920t/s3c24x0/libs3c24x0.a(nand_flash.o)
                0x33f9f184                board_nand_init
 .text          0x33f9f268       0x1c lib_arm/libarm.a(_ashldi3.o)
                0x33f9f268                __ashldi3
 .text          0x33f9f284       0x1c lib_arm/libarm.a(_ashrdi3.o)
                0x33f9f284                __ashrdi3
 .text          0x33f9f2a0      0x140 lib_arm/libarm.a(_divsi3.o)
                0x33f9f2a0                __divsi3
 .text          0x33f9f3e0      0x100 lib_arm/libarm.a(_modsi3.o)
                0x33f9f3e0                __modsi3
 .text          0x33f9f4e0       0xb4 lib_arm/libarm.a(_umodsi3.o)
                0x33f9f4e0                __umodsi3
 .text          0x33f9f594      0x458 lib_arm/libarm.a(armlinux.o)
                0x33f9f6dc                do_bootm_rawLinux
                0x33f9f744                do_bootm_linux
 .text          0x33f9f9ec        0x4 lib_arm/libarm.a(cache.o)
                0x33f9f9ec                flush_cache
 .text          0x33f9f9f0      0x7fc fs/cramfs/libcramfs.a(cramfs.o)
                0x33f9ff44                cramfs_ls
                0x33fa017c                cramfs_check
                0x33f9fd00                cramfs_load
                0x33fa00b4                cramfs_info
 .text          0x33fa01ec       0xdc fs/cramfs/libcramfs.a(uncompress.o)
                0x33fa02b0                cramfs_uncompress_exit
                0x33fa0204                cramfs_uncompress_block
                0x33fa0250                cramfs_uncompress_init
 .text          0x33fa02c8     0x1f90 fs/jffs2/libjffs2.a(jffs2_1pass.o)
                0x33fa0dd4                jffs2_1pass_rescan_needed
                0x33fa1cb4                jffs2_1pass_load
                0x33fa0b6c                mkmodestr
                0x33fa0610                jffs2_free_cache
                0x33fa1404                jffs2_1pass_ls
                0x33fa20ac                jffs2_1pass_info
 .text          0x33fa2258       0xd0 fs/jffs2/libjffs2.a(compr_rtime.o)
                0x33fa2258                rtime_decompress
 .text          0x33fa2328      0x128 fs/jffs2/libjffs2.a(compr_rubin.o)
                0x33fa2328                rubin_do_decompress
                0x33fa2408                dynrubin_decompress
 .text          0x33fa2450       0x18 fs/jffs2/libjffs2.a(compr_zlib.o)
                0x33fa2450                zlib_decompress
 .text          0x33fa2468      0xdd0 fs/jffs2/libjffs2.a(mini_inflate.o)
                0x33fa2948                decompress_block
                0x33fa2468                cramfs_memset
                0x33fa24e4                pull_bit
                0x33fa247c                pull_bits
 .text          0x33fa3238      0x2b8 rtc/librtc.a(date.o)
                0x33fa3238                GregorianDay
                0x33fa3450                mktime
                0x33fa3328                to_tm
 .text          0x33fa34f0      0x214 rtc/librtc.a(s3c24x0_rtc.o)
                0x33fa3628                rtc_set
                0x33fa353c                rtc_get
                0x33fa36e0                rtc_reset
 .text          0x33fa3704      0xe8c drivers/nand/libnand.a(nand_util.o)
                0x33fa3f94                nand_read_opts
                0x33fa4460                nand_unlock
                0x33fa43d4                nand_get_lock_status
                0x33fa370c                nand_erase_opts
                0x33fa3a7c                nand_write_opts
                0x33fa4360                nand_lock

.glue_7         0x33fa4590        0x0

.glue_7t        0x33fa4590        0x0
                0x33fa4590                . = ALIGN (0x4)

.rodata         0x33fa4590     0x1c84
 *(.rodata)
 .rodata        0x33fa4590       0x80 cpu/arm920t/libarm920t.a(interrupts.o)
 .rodata        0x33fa4610       0x50 lib_arm/libarm.a(board.o)
                0x33fa4610                version_string
 .rodata        0x33fa4660        0x8 net/libnet.a(net.o)
 .rodata        0x33fa4668        0x8 drivers/libdrivers.a(cfi_flash.o)
 .rodata        0x33fa4670     0x1328 drivers/libdrivers.a(jedec_flash.o)
 .rodata        0x33fa5998        0x8 drivers/nand/libnand.a(nand.o)
 .rodata        0x33fa59a0       0x14 drivers/nand/libnand.a(nand_base.o)
 .rodata        0x33fa59b4      0x100 drivers/nand/libnand.a(nand_ecc.o)
 .rodata        0x33fa5ab4       0x46 drivers/usb/libusb.a(usbsetup.o)
 *fill*         0x33fa5afa        0x2 00
 .rodata        0x33fa5afc       0x14 common/libcommon.a(cmd_nvedit.o)
 .rodata        0x33fa5b10      0x200 common/libcommon.a(crc16.o)
 .rodata        0x33fa5d10      0x400 lib_generic/libgeneric.a(crc32.o)
 .rodata        0x33fa6110       0x30 cpu/arm920t/s3c24x0/libs3c24x0.a(nand_flash.o)
 .rodata        0x33fa6140       0xa4 fs/jffs2/libjffs2.a(jffs2_1pass.o)
 .rodata        0x33fa61e4       0x30 rtc/librtc.a(date.o)

.rodata.str1.4  0x33fa6214     0x8843
 .rodata.str1.4
                0x33fa6214      0x293 cpu/arm920t/libarm920t.a(interrupts.o)
                                0x29c (size before relaxing)
 *fill*         0x33fa64a7        0x1 00
 .rodata.str1.4
                0x33fa64a8       0x36 cpu/arm920t/s3c24x0/libs3c24x0.a(interrupts.o)
                                 0x38 (size before relaxing)
 *fill*         0x33fa64de        0x2 00
 .rodata.str1.4
                0x33fa64e0       0x7d lib_arm/libarm.a(board.o)
                                 0x84 (size before relaxing)
 *fill*         0x33fa655d        0x3 00
 .rodata.str1.4
                0x33fa6560      0x1ed net/libnet.a(net.o)
                                0x1f0 (size before relaxing)
 *fill*         0x33fa674d        0x3 00
 .rodata.str1.4
                0x33fa6750      0x1c7 net/libnet.a(tftp.o)
                                0x1d4 (size before relaxing)
 *fill*         0x33fa6917        0x1 00
 .rodata.str1.4
                0x33fa6918       0x84 net/libnet.a(bootp.o)
                                 0xb8 (size before relaxing)
 .rodata.str1.4
                0x33fa699c       0x13 net/libnet.a(rarp.o)
                                 0x4c (size before relaxing)
 *fill*         0x33fa69af        0x1 00
 .rodata.str1.4
                0x33fa69b0      0x101 net/libnet.a(nfs.o)
                                0x18c (size before relaxing)
 *fill*         0x33fa6ab1        0x3 00
 .rodata.str1.4
                0x33fa6ab4      0x3f3 drivers/libdrivers.a(cfi_flash.o)
                                0x3f8 (size before relaxing)
 *fill*         0x33fa6ea7        0x1 00
 .rodata.str1.4
                0x33fa6ea8      0x6ad drivers/libdrivers.a(jedec_flash.o)
                                0x6d0 (size before relaxing)
 *fill*         0x33fa7555        0x3 00
 .rodata.str1.4
                0x33fa7558      0x233 drivers/libdrivers.a(dm9000x.o)
                                0x23c (size before relaxing)
 *fill*         0x33fa778b        0x1 00
 .rodata.str1.4
                0x33fa778c        0x9 drivers/nand/libnand.a(nand.o)
                                  0xc (size before relaxing)
 *fill*         0x33fa7795        0x3 00
 .rodata.str1.4
                0x33fa7798      0x316 drivers/nand/libnand.a(nand_base.o)
                                0x31c (size before relaxing)
 *fill*         0x33fa7aae        0x2 00
 .rodata.str1.4
                0x33fa7ab0      0x43a drivers/nand/libnand.a(nand_ids.o)
                                0x43c (size before relaxing)
 *fill*         0x33fa7eea        0x2 00
 .rodata.str1.4
                0x33fa7eec      0x308 drivers/nand/libnand.a(nand_bbt.o)
 .rodata.str1.4
                0x33fa81f4       0x18 drivers/usb/libusb.a(usbout.o)
 .rodata.str1.4
                0x33fa820c      0x12b drivers/usb/libusb.a(usbsetup.o)
                                0x138 (size before relaxing)
 *fill*         0x33fa8337        0x1 00
 .rodata.str1.4
                0x33fa8338      0x2dd drivers/usb/libusb.a(usbinit.o)
                                0x2e8 (size before relaxing)
 *fill*         0x33fa8615        0x3 00
 .rodata.str1.4
                0x33fa8618       0x12 drivers/usb/libusb.a(usbin.o)
                                 0x24 (size before relaxing)
 *fill*         0x33fa862a        0x2 00
 .rodata.str1.4
                0x33fa862c      0x2b0 common/libcommon.a(main.o)
                                0x2b4 (size before relaxing)
 .rodata.str1.4
                0x33fa88dc       0xf6 common/libcommon.a(cmd_autoscript.o)
                                 0xf8 (size before relaxing)
 *fill*         0x33fa89d2        0x2 00
 .rodata.str1.4
                0x33fa89d4       0xbf common/libcommon.a(cmd_bdinfo.o)
                                 0xc0 (size before relaxing)
 *fill*         0x33fa8a93        0x1 00
 .rodata.str1.4
                0x33fa8a94      0x10b common/libcommon.a(cmd_boot.o)
                                0x118 (size before relaxing)
 *fill*         0x33fa8b9f        0x1 00
 .rodata.str1.4
                0x33fa8ba0      0x8c5 common/libcommon.a(cmd_bootm.o)
                                0x908 (size before relaxing)
 *fill*         0x33fa9465        0x3 00
 .rodata.str1.4
                0x33fa9468      0x125 common/libcommon.a(cmd_cache.o)
                                0x13c (size before relaxing)
 *fill*         0x33fa958d        0x3 00
 .rodata.str1.4
                0x33fa9590       0x70 common/libcommon.a(cmd_console.o)
                                 0x74 (size before relaxing)
 .rodata.str1.4
                0x33fa9600      0x16c common/libcommon.a(cmd_date.o)
                                0x180 (size before relaxing)
 .rodata.str1.4
                0x33fa976c      0x2d7 common/libcommon.a(cmd_elf.o)
                                0x2f0 (size before relaxing)
 *fill*         0x33fa9a43        0x1 00
 .rodata.str1.4
                0x33fa9a44      0x884 common/libcommon.a(cmd_flash.o)
                                0x8c4 (size before relaxing)
 .rodata.str1.4
                0x33faa2c8       0xce common/libcommon.a(cmd_itest.o)
                                 0xdc (size before relaxing)
 *fill*         0x33faa396        0x2 00
 .rodata.str1.4
                0x33faa398      0xfa4 common/libcommon.a(cmd_jffs2.o)
                                0xffc (size before relaxing)
 .rodata.str1.4
                0x33fab33c      0x3fc common/libcommon.a(cmd_load.o)
                                0x41c (size before relaxing)
 .rodata.str1.4
                0x33fab738      0x625 common/libcommon.a(cmd_mem.o)
                                0x648 (size before relaxing)
 *fill*         0x33fabd5d        0x3 00
 .rodata.str1.4
                0x33fabd60       0x70 common/libcommon.a(cmd_misc.o)
                                 0x7c (size before relaxing)
 .rodata.str1.4
                0x33fabdd0      0xb29 common/libcommon.a(cmd_nand.o)
                                0xb70 (size before relaxing)
 *fill*         0x33fac8f9        0x3 00
 .rodata.str1.4
                0x33fac8fc      0x22a common/libcommon.a(cmd_net.o)
                                0x27c (size before relaxing)
 *fill*         0x33facb26        0x2 00
 .rodata.str1.4
                0x33facb28      0x31d common/libcommon.a(cmd_nvedit.o)
                                0x3b0 (size before relaxing)
 *fill*         0x33face45        0x3 00
 .rodata.str1.4
                0x33face48       0xa1 common/libcommon.a(cmd_usbslave.o)
                                 0xc0 (size before relaxing)
 *fill*         0x33facee9        0x3 00
 .rodata.str1.4
                0x33faceec      0x6b0 common/libcommon.a(cmd_menu.o)
                                0x6e0 (size before relaxing)
 .rodata.str1.4
                0x33fad59c      0x27e common/libcommon.a(command.o)
                                0x280 (size before relaxing)
 *fill*         0x33fad81a        0x2 00
 .rodata.str1.4
                0x33fad81c       0x75 common/libcommon.a(console.o)
                                 0x7c (size before relaxing)
 *fill*         0x33fad891        0x3 00
 .rodata.str1.4
                0x33fad894       0x2f common/libcommon.a(devices.o)
                                 0x48 (size before relaxing)
 *fill*         0x33fad8c3        0x1 00
 .rodata.str1.4
                0x33fad8c4       0x33 common/libcommon.a(env_common.o)
                                 0x34 (size before relaxing)
 *fill*         0x33fad8f7        0x1 00
 .rodata.str1.4
                0x33fad8f8       0x97 common/libcommon.a(env_nand.o)
                                 0xa0 (size before relaxing)
 *fill*         0x33fad98f        0x1 00
 .rodata.str1.4
                0x33fad990      0x11d common/libcommon.a(flash.o)
                                0x120 (size before relaxing)
 *fill*         0x33fadaad        0x3 00
 .rodata.str1.4
                0x33fadab0       0xf2 common/libcommon.a(xyzModem.o)
                                 0xf8 (size before relaxing)
 *fill*         0x33fadba2        0x2 00
 .rodata.str1.4
                0x33fadba4       0x55 common/libcommon.a(cmd_suspend.o)
                                 0x58 (size before relaxing)
 *fill*         0x33fadbf9        0x3 00
 .rodata.str1.4
                0x33fadbfc       0x39 common/libcommon.a(my_cmd.o)
                                 0x3c (size before relaxing)
 *fill*         0x33fadc35        0x3 00
 .rodata.str1.4
                0x33fadc38       0x17 lib_generic/libgeneric.a(display_options.o)
                                 0x20 (size before relaxing)
 *fill*         0x33fadc4f        0x1 00
 .rodata.str1.4
                0x33fadc50       0x57 lib_generic/libgeneric.a(vsprintf.o)
                                 0x58 (size before relaxing)
 *fill*         0x33fadca7        0x1 00
 .rodata.str1.4
                0x33fadca8      0x20d lib_generic/libgeneric.a(zlib.o)
                                0x214 (size before relaxing)
 *fill*         0x33fadeb5        0x3 00
 .rodata.str1.4
                0x33fadeb8       0x14 cpu/arm920t/s3c24x0/libs3c24x0.a(nand_flash.o)
 .rodata.str1.4
                0x33fadecc       0x5c lib_arm/libarm.a(armlinux.o)
                                 0xc4 (size before relaxing)
 .rodata.str1.4
                0x33fadf28      0x1ac fs/cramfs/libcramfs.a(cramfs.o)
                                0x1b4 (size before relaxing)
 .rodata.str1.4
                0x33fae0d4      0x42b fs/jffs2/libjffs2.a(jffs2_1pass.o)
                                0x450 (size before relaxing)
 *fill*         0x33fae4ff        0x1 00
 .rodata.str1.4
                0x33fae500      0x557 drivers/nand/libnand.a(nand_util.o)
                                0x55c (size before relaxing)
                0x33faea58                . = ALIGN (0x4)

.data           0x33faea58     0x1574
 *(.data)
 .data          0x33faea58       0x2c lib_arm/libarm.a(board.o)
                0x33faea58                init_sequence
 .data          0x33faea84        0xa net/libnet.a(net.o)
                0x33faea86                NetOurVLAN
                0x33faea84                NetOurNativeVLAN
                0x33faea88                NetBcastAddr
 *fill*         0x33faea8e        0x2 00
 .data          0x33faea90        0x4 net/libnet.a(nfs.o)
 .data          0x33faea94        0x8 drivers/libdrivers.a(cfi_flash.o)
 .data          0x33faea9c        0x4 drivers/libdrivers.a(dm9000x.o)
 .data          0x33faeaa0        0x4 drivers/nand/libnand.a(nand.o)
                0x33faeaa0                nand_curr_device
 .data          0x33faeaa4      0x298 drivers/nand/libnand.a(nand_base.o)
 .data          0x33faed3c      0x548 drivers/nand/libnand.a(nand_ids.o)
                0x33faed3c                nand_manuf_ids
                0x33faed74                nand_flash_ids
 .data          0x33faf284      0x110 drivers/nand/libnand.a(nand_bbt.o)
 .data          0x33faf394        0x2 drivers/usb/libusb.a(usbsetup.o)
                0x33faf394                Selfpwr
                0x33faf395                Configuration
 *fill*         0x33faf396        0x2 00
 .data          0x33faf398       0x10 common/libcommon.a(main.o)
 .data          0x33faf3a8        0x4 common/libcommon.a(cmd_bootm.o)
                0x33faf3a8                load_addr
 .data          0x33faf3ac       0x1c common/libcommon.a(cmd_date.o)
                0x33faf3ac                weekdays
 .data          0x33faf3c8       0x68 common/libcommon.a(cmd_itest.o)
                0x33faf3c8                op_table
 .data          0x33faf430        0x4 common/libcommon.a(cmd_load.o)
 .data          0x33faf434        0x4 common/libcommon.a(cmd_mem.o)
                0x33faf434                dp_last_length
 .data          0x33faf438        0x4 common/libcommon.a(cmd_usbslave.o)
                0x33faf438                g_bUSBWait
 .data          0x33faf43c        0xc common/libcommon.a(devices.o)
                0x33faf43c                stdio_names
 .data          0x33faf448      0x414 common/libcommon.a(dlmalloc.o)
 .data          0x33faf85c      0x108 common/libcommon.a(env_common.o)
                0x33faf860                default_environment
                0x33faf960                env_get_char
                0x33faf85c                default_environment_size
 .data          0x33faf964        0x4 common/libcommon.a(env_nand.o)
                0x33faf964                env_name_spec
 .data          0x33faf968      0x100 lib_generic/libgeneric.a(ctype.o)
                0x33faf968                _ctype
 .data          0x33fafa68      0x2a0 lib_generic/libgeneric.a(zlib.o)
                0x33fafa68                z_errmsg
                0x33fafa88                zlib_version
 .data          0x33fafd08       0x28 fs/jffs2/libjffs2.a(jffs2_1pass.o)
 .data          0x33fafd30       0x13 fs/jffs2/libjffs2.a(mini_inflate.o)
 *fill*         0x33fafd43        0x1 00
 .data          0x33fafd44       0x30 rtc/librtc.a(date.o)
 .data          0x33fafd74      0x258 drivers/nand/libnand.a(nand_util.o)
                0x33faffcc                . = ALIGN (0x4)

.got
 *(.got)
                0x33faffcc                . = .
                0x33faffcc                __u_boot_cmd_start = .

.u_boot_cmd     0x33faffcc      0x570
 *(.u_boot_cmd)
 .u_boot_cmd    0x33faffcc       0x18 common/libcommon.a(cmd_autoscript.o)
                0x33faffcc                __u_boot_cmd_autoscr
 .u_boot_cmd    0x33faffe4       0x18 common/libcommon.a(cmd_bdinfo.o)
                0x33faffe4                __u_boot_cmd_bdinfo
 .u_boot_cmd    0x33fafffc       0x30 common/libcommon.a(cmd_boot.o)
                0x33fafffc                __u_boot_cmd_reset
                0x33fb0014                __u_boot_cmd_go
 .u_boot_cmd    0x33fb002c       0x78 common/libcommon.a(cmd_bootm.o)
                0x33fb008c                __u_boot_cmd_bootm
                0x33fb0044                __u_boot_cmd_iminfo
                0x33fb002c                __u_boot_cmd_imls
                0x33fb005c                __u_boot_cmd_bootd
                0x33fb0074                __u_boot_cmd_boot
 .u_boot_cmd    0x33fb00a4       0x30 common/libcommon.a(cmd_cache.o)
                0x33fb00a4                __u_boot_cmd_dcache
                0x33fb00bc                __u_boot_cmd_icache
 .u_boot_cmd    0x33fb00d4       0x18 common/libcommon.a(cmd_console.o)
                0x33fb00d4                __u_boot_cmd_coninfo
 .u_boot_cmd    0x33fb00ec       0x18 common/libcommon.a(cmd_date.o)
                0x33fb00ec                __u_boot_cmd_date
 .u_boot_cmd    0x33fb0104       0x30 common/libcommon.a(cmd_elf.o)
                0x33fb011c                __u_boot_cmd_bootelf
                0x33fb0104                __u_boot_cmd_bootvx
 .u_boot_cmd    0x33fb0134       0x48 common/libcommon.a(cmd_flash.o)
                0x33fb0164                __u_boot_cmd_flinfo
                0x33fb0134                __u_boot_cmd_protect
                0x33fb014c                __u_boot_cmd_erase
 .u_boot_cmd    0x33fb017c       0x18 common/libcommon.a(cmd_itest.o)
                0x33fb017c                __u_boot_cmd_itest
 .u_boot_cmd    0x33fb0194       0x78 common/libcommon.a(cmd_jffs2.o)
                0x33fb01c4                __u_boot_cmd_fsinfo
                0x33fb01ac                __u_boot_cmd_chpart
                0x33fb0194                __u_boot_cmd_mtdparts
                0x33fb01dc                __u_boot_cmd_ls
                0x33fb01f4                __u_boot_cmd_fsload
 .u_boot_cmd    0x33fb020c       0x60 common/libcommon.a(cmd_load.o)
                0x33fb020c                __u_boot_cmd_loady
                0x33fb0224                __u_boot_cmd_loadx
                0x33fb0254                __u_boot_cmd_loads
                0x33fb023c                __u_boot_cmd_loadb
 .u_boot_cmd    0x33fb026c       0xf0 common/libcommon.a(cmd_mem.o)
                0x33fb032c                __u_boot_cmd_mm
                0x33fb02e4                __u_boot_cmd_cp
                0x33fb0284                __u_boot_cmd_loop
                0x33fb029c                __u_boot_cmd_base
                0x33fb02fc                __u_boot_cmd_mw
                0x33fb02cc                __u_boot_cmd_cmp
                0x33fb0314                __u_boot_cmd_nm
                0x33fb026c                __u_boot_cmd_mtest
                0x33fb02b4                __u_boot_cmd_crc32
                0x33fb0344                __u_boot_cmd_md
 .u_boot_cmd    0x33fb035c       0x18 common/libcommon.a(cmd_misc.o)
                0x33fb035c                __u_boot_cmd_sleep
 .u_boot_cmd    0x33fb0374       0x30 common/libcommon.a(cmd_nand.o)
                0x33fb038c                __u_boot_cmd_nand
                0x33fb0374                __u_boot_cmd_nboot
 .u_boot_cmd    0x33fb03a4       0x78 common/libcommon.a(cmd_net.o)
                0x33fb03a4                __u_boot_cmd_ping
                0x33fb03bc                __u_boot_cmd_nfs
                0x33fb03d4                __u_boot_cmd_rarpboot
                0x33fb0404                __u_boot_cmd_bootp
                0x33fb03ec                __u_boot_cmd_tftpboot
 .u_boot_cmd    0x33fb041c       0x60 common/libcommon.a(cmd_nvedit.o)
                0x33fb044c                __u_boot_cmd_setenv
                0x33fb0464                __u_boot_cmd_printenv
                0x33fb0434                __u_boot_cmd_saveenv
                0x33fb041c                __u_boot_cmd_run
 .u_boot_cmd    0x33fb047c       0x18 common/libcommon.a(cmd_usbslave.o)
                0x33fb047c                __u_boot_cmd_usbslave
 .u_boot_cmd    0x33fb0494       0x18 common/libcommon.a(cmd_menu.o)
                0x33fb0494                __u_boot_cmd_menu
 .u_boot_cmd    0x33fb04ac       0x60 common/libcommon.a(command.o)
                0x33fb04f4                __u_boot_cmd_version
                0x33fb04dc                __u_boot_cmd_echo
                0x33fb04c4                __u_boot_cmd_help
                0x33fb04ac                __u_boot_cmd_question_mark
 .u_boot_cmd    0x33fb050c       0x18 common/libcommon.a(cmd_suspend.o)
                0x33fb050c                __u_boot_cmd_suspend
 .u_boot_cmd    0x33fb0524       0x18 common/libcommon.a(my_cmd.o)
                0x33fb0524                __u_boot_cmd_my_cmd
                0x33fb053c                __u_boot_cmd_end = .
                0x33fb053c                . = ALIGN (0x4)
                0x33fb053c                __bss_start = .

.bss            0x33fb053c     0x7258
 *(.bss)
 .bss           0x33fb053c       0xe0 cpu/arm920t/s3c24x0/libs3c24x0.a(interrupts.o)
                0x33fb0540                isr_handle_array
                0x33fb0608                intregs
                0x33fb060c                g_TimerIntHappen
                0x33fb053c                timer_load_val
 .bss           0x33fb061c       0x10 lib_arm/libarm.a(board.o)
                0x33fb061c                monitor_flash_len
 .bss           0x33fb062c     0x25d0 net/libnet.a(net.o)
                0x33fb0784                PktBuf
                0x33fb06c0                NetOurDNSIP
                0x33fb06e0                NetRxPackets
                0x33fb067e                NetOurHostName
                0x33fb06d8                NetOurIP
                0x33fb06c4                NetOurGatewayIP
                0x33fb0700                BootFile
                0x33fb062c                NetTxPacket
                0x33fb25b8                NetArpWaitPacketBuf
                0x33fb069e                NetOurNISDomain
                0x33fb063e                NetOurRootPath
                0x33fb0636                NetServerEther
                0x33fb06fc                NetState
                0x33fb06c8                NetOurSubnetMask
                0x33fb25a4                NetArpWaitPacketIP
                0x33fb2bd8                NetArpWaitTimerStart
                0x33fb06dc                NetServerIP
                0x33fb0630                NetEtherNullAddr
                0x33fb25a8                NetArpWaitReplyIP
                0x33fb25ac                NetArpWaitPacketMAC
                0x33fb06d0                NetOurEther
                0x33fb06f8                NetIPID
                0x33fb25b4                NetArpWaitTxPacketSize
                0x33fb25b0                NetArpWaitTxPacket
                0x33fb063c                NetBootFileSize
                0x33fb2bdc                NetArpWaitTry
                0x33fb0780                NetPingIP
                0x33fb06f4                NetRxPktLen
                0x33fb06cc                NetBootFileXferSize
                0x33fb06f0                NetRxPkt
 .bss           0x33fb2bfc       0x34 net/libnet.a(tftp.o)
 .bss           0x33fb2c30        0x8 net/libnet.a(bootp.o)
                0x33fb2c34                BootpTry
                0x33fb2c30                BootpID
 .bss           0x33fb2c38        0x4 net/libnet.a(rarp.o)
                0x33fb2c38                RarpTry
 .bss           0x33fb2c3c      0x8b0 net/libnet.a(nfs.o)
 .bss           0x33fb34ec      0xa3c drivers/libdrivers.a(cfi_flash.o)
                0x33fb34ec                flash_info
 .bss           0x33fb3f28       0xb0 drivers/libdrivers.a(dm9000x.o)
 .bss           0x33fb3fd8      0x208 drivers/nand/libnand.a(nand.o)
                0x33fb3fd8                nand_info
 .bss           0x33fb41e0     0x1008 drivers/usb/libusb.a(usbmain.o)
                0x33fb41e0                dbgStrWrPt
                0x33fb41e4                dbgStrRdPt
                0x33fb41e8                dbgStrFifo
 .bss           0x33fb51e8       0x61 drivers/usb/libusb.a(usbout.o)
                0x33fb51e8                ep3Buf
 *fill*         0x33fb5249        0x3 00
 .bss           0x33fb524c       0x68 drivers/usb/libusb.a(usbsetup.o)
                0x33fb5278                descConf
                0x33fb525c                descSetup
                0x33fb5250                ep0SubState
                0x33fb525a                endpoint3_status
                0x33fb5290                descEndpt0
                0x33fb5255                AlterSetting
                0x33fb52a4                InterfaceGet
                0x33fb5257                interface_status
                0x33fb5284                descIf
                0x33fb5264                descDev
                0x33fb5259                endpoint1_status
                0x33fb524c                ep0State
                0x33fb5254                Rwuen
                0x33fb52a8                StatusGet
                0x33fb5256                device_status
                0x33fb5258                endpoint0_status
                0x33fb5298                descEndpt1
                0x33fb52a0                ConfigSet
 .bss           0x33fb52b4       0x5c drivers/usb/libusb.a(usbinit.o)
                0x33fb52dc                downPt
                0x33fb52d4                downloadAddress
                0x33fb52c4                usbdevregs
                0x33fb52e8                totalDmaCount
                0x33fb52b8                download_run
                0x33fb52f0                tempDownloadAddress
                0x33fb52c0                restart
                0x33fb52d0                gpioregs
                0x33fb530c                consoleNum
                0x33fb52c8                dmaregs
                0x33fb52ec                isUsbdSetConfiguration
                0x33fb52bc                err
                0x33fb52e4                checkSum
                0x33fb52e0                downloadFileSize
                0x33fb52d8                run
                0x33fb5308                dwUSBBufSize
                0x33fb52f8                dwUSBBufWritePtr
                0x33fb52cc                clk_powerregs
                0x33fb52fc                dwWillDMACnt
                0x33fb52f4                dwUSBBufReadPtr
                0x33fb5304                dwUSBBufBase
                0x33fb5300                bDMAPending
                0x33fb52b4                menuUsed
 .bss           0x33fb5310       0x24 drivers/usb/libusb.a(usbin.o)
                0x33fb5310                transferIndex
                0x33fb5314                ep1Buf
 .bss           0x33fb5334      0x200 common/libcommon.a(main.o)
                0x33fb5334                console_buffer
 .bss           0x33fb5534       0x40 common/libcommon.a(cmd_bootm.o)
                0x33fb5534                header
 .bss           0x33fb5574      0x2ac common/libcommon.a(cmd_jffs2.o)
                0x33fb5574                mtdids
                0x33fb557c                devices
 .bss           0x33fb5820       0x88 common/libcommon.a(cmd_load.o)
                0x33fb5844                his_eol
                0x33fb5850                os_data_init
                0x33fb5820                os_data_count
                0x33fb584c                his_pad_char
                0x33fb586c                send_ptr
                0x33fb584d                his_quote
                0x33fb5858                send_parms
                0x33fb5854                os_data_char
                0x33fb5848                his_pad_count
                0x33fb5824                os_data_header
 .bss           0x33fb58a8       0x14 common/libcommon.a(cmd_mem.o)
                0x33fb58ac                dp_last_size
                0x33fb58b4                mm_last_size
                0x33fb58b0                mm_last_addr
                0x33fb58a8                dp_last_addr
 .bss           0x33fb58bc        0x4 common/libcommon.a(cmd_usbslave.o)
                0x33fb58bc                g_dwDownloadLen
 .bss           0x33fb58c0        0x8 common/libcommon.a(console.o)
 .bss           0x33fb58c8       0x10 common/libcommon.a(devices.o)
                0x33fb58c8                stdio_devices
                0x33fb58d4                devlist
 .bss           0x33fb58d8       0x3c common/libcommon.a(dlmalloc.o)
 .bss           0x33fb5914        0x4 common/libcommon.a(env_nand.o)
                0x33fb5914                env_ptr
 .bss           0x33fb5918      0x43c common/libcommon.a(xyzModem.o)
 .bss           0x33fb5d54        0x4 lib_generic/libgeneric.a(string.o)
                0x33fb5d54                ___strtok
 .bss           0x33fb5d58     0x10a8 lib_generic/libgeneric.a(zlib.o)
 .bss           0x33fb6e00        0x4 lib_arm/libarm.a(armlinux.o)
 .bss           0x33fb6e04       0x4c fs/cramfs/libcramfs.a(cramfs.o)
                0x33fb6e04                super
 .bss           0x33fb6e50       0x34 fs/cramfs/libcramfs.a(uncompress.o)
 .bss           0x33fb6e84        0x8 fs/jffs2/libjffs2.a(jffs2_1pass.o)
 .bss           0x33fb6e8c      0x908 drivers/nand/libnand.a(nand_util.o)
                0x33fb7794                _end = .
Address of section .text set to 0x33f80000
LOAD cpu/arm920t/start.o
START GROUP
LOAD lib_generic/libgeneric.a
LOAD board/100ask24x0/lib100ask24x0.a
LOAD cpu/arm920t/libarm920t.a
LOAD cpu/arm920t/s3c24x0/libs3c24x0.a
LOAD lib_arm/libarm.a
LOAD fs/cramfs/libcramfs.a
LOAD fs/fat/libfat.a
LOAD fs/fdos/libfdos.a
LOAD fs/jffs2/libjffs2.a
LOAD fs/reiserfs/libreiserfs.a
LOAD fs/ext2/libext2fs.a
LOAD net/libnet.a
LOAD disk/libdisk.a
LOAD rtc/librtc.a
LOAD dtt/libdtt.a
LOAD drivers/libdrivers.a
LOAD drivers/nand/libnand.a
LOAD drivers/nand_legacy/libnand_legacy.a
LOAD drivers/usb/libusb.a
LOAD drivers/sk98lin/libsk98lin.a
LOAD common/libcommon.a
END GROUP
OUTPUT(u-boot elf32-littlearm)

.debug_line     0x00000000     0xb4e8
 .debug_line    0x00000000       0xfd cpu/arm920t/start.o
 .debug_line    0x000000fd      0x1aa board/100ask24x0/boot_init.o
 .debug_line    0x000002a7       0x46 board/100ask24x0/lib100ask24x0.a(lowlevel_init.o)
 .debug_line    0x000002ed       0xcc cpu/arm920t/libarm920t.a(interrupts.o)
 .debug_line    0x000003b9      0x1ce cpu/arm920t/s3c24x0/libs3c24x0.a(interrupts.o)
 .debug_line    0x00000587      0x1a2 cpu/arm920t/s3c24x0/libs3c24x0.a(speed.o)
 .debug_line    0x00000729       0x5c lib_arm/libarm.a(_udivsi3.o)
 .debug_line    0x00000785      0x1d3 lib_arm/libarm.a(board.o)
 .debug_line    0x00000958       0x33 lib_arm/libarm.a(div0.o)
 .debug_line    0x0000098b      0x707 net/libnet.a(net.o)
 .debug_line    0x00001092      0x2b6 net/libnet.a(tftp.o)
 .debug_line    0x00001348      0x2f9 net/libnet.a(bootp.o)
 .debug_line    0x00001641      0x10c net/libnet.a(rarp.o)
 .debug_line    0x0000174d       0xcd net/libnet.a(eth.o)
 .debug_line    0x0000181a      0x4d2 net/libnet.a(nfs.o)
 .debug_line    0x00001cec      0x6f0 drivers/libdrivers.a(cfi_flash.o)
 .debug_line    0x000023dc      0x195 drivers/libdrivers.a(jedec_flash.o)
 .debug_line    0x00002571      0x2d4 drivers/libdrivers.a(dm9000x.o)
 .debug_line    0x00002845      0x1aa drivers/nand/libnand.a(nand.o)
 .debug_line    0x000029ef      0x879 drivers/nand/libnand.a(nand_base.o)
 .debug_line    0x00003268       0x78 drivers/nand/libnand.a(nand_ids.o)
 .debug_line    0x000032e0      0x1dc drivers/nand/libnand.a(nand_ecc.o)
 .debug_line    0x000034bc      0x499 drivers/nand/libnand.a(nand_bbt.o)
 .debug_line    0x00003955       0xac drivers/usb/libusb.a(usbmain.o)
 .debug_line    0x00003a01      0x105 drivers/usb/libusb.a(usbout.o)
 .debug_line    0x00003b06      0x204 drivers/usb/libusb.a(usbsetup.o)
 .debug_line    0x00003d0a      0x266 drivers/usb/libusb.a(usbinit.o)
 .debug_line    0x00003f70       0x9b drivers/usb/libusb.a(usbin.o)
 .debug_line    0x0000400b       0xfd drivers/usb/libusb.a(usblib.o)
 .debug_line    0x00004108      0x2c6 common/libcommon.a(main.o)
 .debug_line    0x000043ce      0x226 common/libcommon.a(cmd_autoscript.o)
 .debug_line    0x000045f4      0x143 common/libcommon.a(cmd_bdinfo.o)
 .debug_line    0x00004737       0xe7 common/libcommon.a(cmd_boot.o)
 .debug_line    0x0000481e      0x525 common/libcommon.a(cmd_bootm.o)
 .debug_line    0x00004d43       0xb5 common/libcommon.a(cmd_cache.o)
 .debug_line    0x00004df8       0xb0 common/libcommon.a(cmd_console.o)
 .debug_line    0x00004ea8      0x184 common/libcommon.a(cmd_date.o)
 .debug_line    0x0000502c      0x1cc common/libcommon.a(cmd_elf.o)
 .debug_line    0x000051f8      0x337 common/libcommon.a(cmd_flash.o)
 .debug_line    0x0000552f      0x12c common/libcommon.a(cmd_itest.o)
 .debug_line    0x0000565b      0x981 common/libcommon.a(cmd_jffs2.o)
 .debug_line    0x00005fdc      0x402 common/libcommon.a(cmd_load.o)
 .debug_line    0x000063de      0x2b0 common/libcommon.a(cmd_mem.o)
 .debug_line    0x0000668e       0xe0 common/libcommon.a(cmd_misc.o)
 .debug_line    0x0000676e      0x488 common/libcommon.a(cmd_nand.o)
 .debug_line    0x00006bf6      0x14f common/libcommon.a(cmd_net.o)
 .debug_line    0x00006d45      0x2d3 common/libcommon.a(cmd_nvedit.o)
 .debug_line    0x00007018      0x175 common/libcommon.a(cmd_usbslave.o)
 .debug_line    0x0000718d      0x22d common/libcommon.a(cmd_menu.o)
 .debug_line    0x000073ba      0x11a common/libcommon.a(command.o)
 .debug_line    0x000074d4      0x26a common/libcommon.a(console.o)
 .debug_line    0x0000773e      0x168 common/libcommon.a(devices.o)
 .debug_line    0x000078a6      0x3be common/libcommon.a(dlmalloc.o)
 .debug_line    0x00007c64      0x167 common/libcommon.a(env_common.o)
 .debug_line    0x00007dcb      0x24a common/libcommon.a(env_nand.o)
 .debug_line    0x00008015       0xed common/libcommon.a(exports.o)
 .debug_line    0x00008102      0x15b common/libcommon.a(flash.o)
 .debug_line    0x0000825d      0x10e common/libcommon.a(lists.o)
 .debug_line    0x0000836b      0x110 common/libcommon.a(s_record.o)
 .debug_line    0x0000847b      0x231 common/libcommon.a(xyzModem.o)
 .debug_line    0x000086ac       0xa1 common/libcommon.a(cmd_suspend.o)
 .debug_line    0x0000874d       0x7e common/libcommon.a(my_cmd.o)
 .debug_line    0x000087cb       0xd5 common/libcommon.a(crc16.o)
 .debug_line    0x000088a0       0xa1 lib_generic/libgeneric.a(crc32.o)
 .debug_line    0x00008941       0x25 lib_generic/libgeneric.a(ctype.o)
 .debug_line    0x00008966       0xa8 lib_generic/libgeneric.a(display_options.o)
 .debug_line    0x00008a0e      0x1cc lib_generic/libgeneric.a(string.o)
 .debug_line    0x00008bda      0x1d7 lib_generic/libgeneric.a(vsprintf.o)
 .debug_line    0x00008db1      0x5dc lib_generic/libgeneric.a(zlib.o)
 .debug_line    0x0000938d      0x18b board/100ask24x0/lib100ask24x0.a(100ask24x0.o)
 .debug_line    0x00009518      0x16c cpu/arm920t/libarm920t.a(cpu.o)
 .debug_line    0x00009684       0x50 cpu/arm920t/libarm920t.a(suspend.o)
 .debug_line    0x000096d4      0x178 cpu/arm920t/s3c24x0/libs3c24x0.a(serial.o)
 .debug_line    0x0000984c      0x226 cpu/arm920t/s3c24x0/libs3c24x0.a(nand_flash.o)
 .debug_line    0x00009a72       0x3d lib_arm/libarm.a(_ashldi3.o)
 .debug_line    0x00009aaf       0x3d lib_arm/libarm.a(_ashrdi3.o)
 .debug_line    0x00009aec       0x63 lib_arm/libarm.a(_divsi3.o)
 .debug_line    0x00009b4f       0x51 lib_arm/libarm.a(_modsi3.o)
 .debug_line    0x00009ba0       0x63 lib_arm/libarm.a(_umodsi3.o)
 .debug_line    0x00009c03      0x27c lib_arm/libarm.a(armlinux.o)
 .debug_line    0x00009e7f       0x34 lib_arm/libarm.a(cache.o)
 .debug_line    0x00009eb3      0x2a6 fs/cramfs/libcramfs.a(cramfs.o)
 .debug_line    0x0000a159       0xab fs/cramfs/libcramfs.a(uncompress.o)
 .debug_line    0x0000a204      0x71b fs/jffs2/libjffs2.a(jffs2_1pass.o)
 .debug_line    0x0000a91f       0xa6 fs/jffs2/libjffs2.a(compr_rtime.o)
 .debug_line    0x0000a9c5       0xd1 fs/jffs2/libjffs2.a(compr_rubin.o)
 .debug_line    0x0000aa96       0x85 fs/jffs2/libjffs2.a(compr_zlib.o)
 .debug_line    0x0000ab1b      0x3ca fs/jffs2/libjffs2.a(mini_inflate.o)
 .debug_line    0x0000aee5       0xcd rtc/librtc.a(date.o)
 .debug_line    0x0000afb2      0x13e rtc/librtc.a(s3c24x0_rtc.o)
 .debug_line    0x0000b0f0      0x3f8 drivers/nand/libnand.a(nand_util.o)

.debug_info     0x00000000    0x2ae7f
 .debug_info    0x00000000       0x6e cpu/arm920t/start.o
 .debug_info    0x0000006e      0x92b board/100ask24x0/boot_init.o
 .debug_info    0x00000999       0x7b board/100ask24x0/lib100ask24x0.a(lowlevel_init.o)
 .debug_info    0x00000a14      0x273 cpu/arm920t/libarm920t.a(interrupts.o)
 .debug_info    0x00000c87      0x9be cpu/arm920t/s3c24x0/libs3c24x0.a(interrupts.o)
 .debug_info    0x00001645      0x3ec cpu/arm920t/s3c24x0/libs3c24x0.a(speed.o)
 .debug_info    0x00001a31       0x6d lib_arm/libarm.a(_udivsi3.o)
 .debug_info    0x00001a9e      0x50f lib_arm/libarm.a(board.o)
 .debug_info    0x00001fad       0x44 lib_arm/libarm.a(div0.o)
 .debug_info    0x00001ff1     0x168e net/libnet.a(net.o)
 .debug_info    0x0000367f      0x41a net/libnet.a(tftp.o)
 .debug_info    0x00003a99      0x8c2 net/libnet.a(bootp.o)
 .debug_info    0x0000435b      0x245 net/libnet.a(rarp.o)
 .debug_info    0x000045a0      0x17d net/libnet.a(eth.o)
 .debug_info    0x0000471d      0xe3a net/libnet.a(nfs.o)
 .debug_info    0x00005557     0x1b96 drivers/libdrivers.a(cfi_flash.o)
 .debug_info    0x000070ed      0x590 drivers/libdrivers.a(jedec_flash.o)
 .debug_info    0x0000767d      0xa2c drivers/libdrivers.a(dm9000x.o)
 .debug_info    0x000080a9      0xc63 drivers/nand/libnand.a(nand.o)
 .debug_info    0x00008d0c     0x2342 drivers/nand/libnand.a(nand_base.o)
 .debug_info    0x0000b04e      0x156 drivers/nand/libnand.a(nand_ids.o)
 .debug_info    0x0000b1a4      0x7e4 drivers/nand/libnand.a(nand_ecc.o)
 .debug_info    0x0000b988     0x1794 drivers/nand/libnand.a(nand_bbt.o)
 .debug_info    0x0000d11c      0x611 drivers/usb/libusb.a(usbmain.o)
 .debug_info    0x0000d72d      0x769 drivers/usb/libusb.a(usbout.o)
 .debug_info    0x0000de96      0xb09 drivers/usb/libusb.a(usbsetup.o)
 .debug_info    0x0000e99f      0xe70 drivers/usb/libusb.a(usbinit.o)
 .debug_info    0x0000f80f      0x5e2 drivers/usb/libusb.a(usbin.o)
 .debug_info    0x0000fdf1      0x882 drivers/usb/libusb.a(usblib.o)
 .debug_info    0x00010673      0x7eb common/libcommon.a(main.o)
 .debug_info    0x00010e5e      0x3fc common/libcommon.a(cmd_autoscript.o)
 .debug_info    0x0001125a      0x368 common/libcommon.a(cmd_bdinfo.o)
 .debug_info    0x000115c2      0x1c8 common/libcommon.a(cmd_boot.o)
 .debug_info    0x0001178a     0x1490 common/libcommon.a(cmd_bootm.o)
 .debug_info    0x00012c1a      0x218 common/libcommon.a(cmd_cache.o)
 .debug_info    0x00012e32      0x37d common/libcommon.a(cmd_console.o)
 .debug_info    0x000131af      0x4fb common/libcommon.a(cmd_date.o)
 .debug_info    0x000136aa      0x506 common/libcommon.a(cmd_elf.o)
 .debug_info    0x00013bb0      0xae7 common/libcommon.a(cmd_flash.o)
 .debug_info    0x00014697      0x42a common/libcommon.a(cmd_itest.o)
 .debug_info    0x00014ac1     0x213c common/libcommon.a(cmd_jffs2.o)
 .debug_info    0x00016bfd      0xe3d common/libcommon.a(cmd_load.o)
 .debug_info    0x00017a3a      0xa16 common/libcommon.a(cmd_mem.o)
 .debug_info    0x00018450      0x1aa common/libcommon.a(cmd_misc.o)
 .debug_info    0x000185fa     0x1861 common/libcommon.a(cmd_nand.o)
 .debug_info    0x00019e5b      0x533 common/libcommon.a(cmd_net.o)
 .debug_info    0x0001a38e      0x827 common/libcommon.a(cmd_nvedit.o)
 .debug_info    0x0001abb5      0x254 common/libcommon.a(cmd_usbslave.o)
 .debug_info    0x0001ae09      0x954 common/libcommon.a(cmd_menu.o)
 .debug_info    0x0001b75d      0x3f4 common/libcommon.a(command.o)
 .debug_info    0x0001bb51      0x855 common/libcommon.a(console.o)
 .debug_info    0x0001c3a6      0x485 common/libcommon.a(devices.o)
 .debug_info    0x0001c82b      0xb59 common/libcommon.a(dlmalloc.o)
 .debug_info    0x0001d384      0x378 common/libcommon.a(env_common.o)
 .debug_info    0x0001d6fc      0xa33 common/libcommon.a(env_nand.o)
 .debug_info    0x0001e12f      0x255 common/libcommon.a(exports.o)
 .debug_info    0x0001e384      0x420 common/libcommon.a(flash.o)
 .debug_info    0x0001e7a4      0x4df common/libcommon.a(lists.o)
 .debug_info    0x0001ec83      0x17a common/libcommon.a(s_record.o)
 .debug_info    0x0001edfd      0x625 common/libcommon.a(xyzModem.o)
 .debug_info    0x0001f422      0x1b7 common/libcommon.a(cmd_suspend.o)
 .debug_info    0x0001f5d9      0x185 common/libcommon.a(my_cmd.o)
 .debug_info    0x0001f75e      0x10f common/libcommon.a(crc16.o)
 .debug_info    0x0001f86d      0x16d lib_generic/libgeneric.a(crc32.o)
 .debug_info    0x0001f9da       0x56 lib_generic/libgeneric.a(ctype.o)
 .debug_info    0x0001fa30      0x11c lib_generic/libgeneric.a(display_options.o)
 .debug_info    0x0001fb4c      0x828 lib_generic/libgeneric.a(string.o)
 .debug_info    0x00020374      0x401 lib_generic/libgeneric.a(vsprintf.o)
 .debug_info    0x00020775     0x16ca lib_generic/libgeneric.a(zlib.o)
 .debug_info    0x00021e3f      0x853 board/100ask24x0/lib100ask24x0.a(100ask24x0.o)
 .debug_info    0x00022692      0x4b5 cpu/arm920t/libarm920t.a(cpu.o)
 .debug_info    0x00022b47       0x70 cpu/arm920t/libarm920t.a(suspend.o)
 .debug_info    0x00022bb7      0x47f cpu/arm920t/s3c24x0/libs3c24x0.a(serial.o)
 .debug_info    0x00023036     0x10b1 cpu/arm920t/s3c24x0/libs3c24x0.a(nand_flash.o)
 .debug_info    0x000240e7       0x6d lib_arm/libarm.a(_ashldi3.o)
 .debug_info    0x00024154       0x6d lib_arm/libarm.a(_ashrdi3.o)
 .debug_info    0x000241c1       0x6c lib_arm/libarm.a(_divsi3.o)
 .debug_info    0x0002422d       0x6c lib_arm/libarm.a(_modsi3.o)
 .debug_info    0x00024299       0x6d lib_arm/libarm.a(_umodsi3.o)
 .debug_info    0x00024306      0xad7 lib_arm/libarm.a(armlinux.o)
 .debug_info    0x00024ddd       0xa8 lib_arm/libarm.a(cache.o)
 .debug_info    0x00024e85      0x89c fs/cramfs/libcramfs.a(cramfs.o)
 .debug_info    0x00025721      0x35c fs/cramfs/libcramfs.a(uncompress.o)
 .debug_info    0x00025a7d     0x2730 fs/jffs2/libjffs2.a(jffs2_1pass.o)
 .debug_info    0x000281ad      0x140 fs/jffs2/libjffs2.a(compr_rtime.o)
 .debug_info    0x000282ed      0x1e8 fs/jffs2/libjffs2.a(compr_rubin.o)
 .debug_info    0x000284d5       0xd7 fs/jffs2/libjffs2.a(compr_zlib.o)
 .debug_info    0x000285ac      0xc25 fs/jffs2/libjffs2.a(mini_inflate.o)
 .debug_info    0x000291d1      0x253 rtc/librtc.a(date.o)
 .debug_info    0x00029424      0x6ac rtc/librtc.a(s3c24x0_rtc.o)
 .debug_info    0x00029ad0     0x13af drivers/nand/libnand.a(nand_util.o)

.debug_abbrev   0x00000000     0x83df
 .debug_abbrev  0x00000000       0x14 cpu/arm920t/start.o
 .debug_abbrev  0x00000014      0x259 board/100ask24x0/boot_init.o
 .debug_abbrev  0x0000026d       0x14 board/100ask24x0/lib100ask24x0.a(lowlevel_init.o)
 .debug_abbrev  0x00000281       0xf1 cpu/arm920t/libarm920t.a(interrupts.o)
 .debug_abbrev  0x00000372      0x265 cpu/arm920t/s3c24x0/libs3c24x0.a(interrupts.o)
 .debug_abbrev  0x000005d7      0x147 cpu/arm920t/s3c24x0/libs3c24x0.a(speed.o)
 .debug_abbrev  0x0000071e       0x14 lib_arm/libarm.a(_udivsi3.o)
 .debug_abbrev  0x00000732      0x229 lib_arm/libarm.a(board.o)
 .debug_abbrev  0x0000095b       0x3a lib_arm/libarm.a(div0.o)
 .debug_abbrev  0x00000995      0x2fc net/libnet.a(net.o)
 .debug_abbrev  0x00000c91      0x19e net/libnet.a(tftp.o)
 .debug_abbrev  0x00000e2f      0x261 net/libnet.a(bootp.o)
 .debug_abbrev  0x00001090      0x108 net/libnet.a(rarp.o)
 .debug_abbrev  0x00001198       0xac net/libnet.a(eth.o)
 .debug_abbrev  0x00001244      0x2e3 net/libnet.a(nfs.o)
 .debug_abbrev  0x00001527      0x2de drivers/libdrivers.a(cfi_flash.o)
 .debug_abbrev  0x00001805      0x198 drivers/libdrivers.a(jedec_flash.o)
 .debug_abbrev  0x0000199d      0x27d drivers/libdrivers.a(dm9000x.o)
 .debug_abbrev  0x00001c1a      0x17d drivers/nand/libnand.a(nand.o)
 .debug_abbrev  0x00001d97      0x32a drivers/nand/libnand.a(nand_base.o)
 .debug_abbrev  0x000020c1       0x83 drivers/nand/libnand.a(nand_ids.o)
 .debug_abbrev  0x00002144      0x171 drivers/nand/libnand.a(nand_ecc.o)
 .debug_abbrev  0x000022b5      0x2b1 drivers/nand/libnand.a(nand_bbt.o)
 .debug_abbrev  0x00002566      0x159 drivers/usb/libusb.a(usbmain.o)
 .debug_abbrev  0x000026bf      0x167 drivers/usb/libusb.a(usbout.o)
 .debug_abbrev  0x00002826      0x17e drivers/usb/libusb.a(usbsetup.o)
 .debug_abbrev  0x000029a4      0x24b drivers/usb/libusb.a(usbinit.o)
 .debug_abbrev  0x00002bef      0x183 drivers/usb/libusb.a(usbin.o)
 .debug_abbrev  0x00002d72      0x140 drivers/usb/libusb.a(usblib.o)
 .debug_abbrev  0x00002eb2      0x284 common/libcommon.a(main.o)
 .debug_abbrev  0x00003136      0x141 common/libcommon.a(cmd_autoscript.o)
 .debug_abbrev  0x00003277      0x119 common/libcommon.a(cmd_bdinfo.o)
 .debug_abbrev  0x00003390       0xd6 common/libcommon.a(cmd_boot.o)
 .debug_abbrev  0x00003466      0x2df common/libcommon.a(cmd_bootm.o)
 .debug_abbrev  0x00003745       0xe5 common/libcommon.a(cmd_cache.o)
 .debug_abbrev  0x0000382a      0x134 common/libcommon.a(cmd_console.o)
 .debug_abbrev  0x0000395e      0x15a common/libcommon.a(cmd_date.o)
 .debug_abbrev  0x00003ab8      0x178 common/libcommon.a(cmd_elf.o)
 .debug_abbrev  0x00003c30      0x1c8 common/libcommon.a(cmd_flash.o)
 .debug_abbrev  0x00003df8      0x17f common/libcommon.a(cmd_itest.o)
 .debug_abbrev  0x00003f77      0x342 common/libcommon.a(cmd_jffs2.o)
 .debug_abbrev  0x000042b9      0x30a common/libcommon.a(cmd_load.o)
 .debug_abbrev  0x000045c3      0x1c0 common/libcommon.a(cmd_mem.o)
 .debug_abbrev  0x00004783       0xc7 common/libcommon.a(cmd_misc.o)
 .debug_abbrev  0x0000484a      0x2d3 common/libcommon.a(cmd_nand.o)
 .debug_abbrev  0x00004b1d      0x17b common/libcommon.a(cmd_net.o)
 .debug_abbrev  0x00004c98      0x22e common/libcommon.a(cmd_nvedit.o)
 .debug_abbrev  0x00004ec6      0x10b common/libcommon.a(cmd_usbslave.o)
 .debug_abbrev  0x00004fd1      0x209 common/libcommon.a(cmd_menu.o)
 .debug_abbrev  0x000051da      0x18b common/libcommon.a(command.o)
 .debug_abbrev  0x00005365      0x23a common/libcommon.a(console.o)
 .debug_abbrev  0x0000559f      0x15b common/libcommon.a(devices.o)
 .debug_abbrev  0x000056fa      0x1d6 common/libcommon.a(dlmalloc.o)
 .debug_abbrev  0x000058d0      0x149 common/libcommon.a(env_common.o)
 .debug_abbrev  0x00005a19      0x22a common/libcommon.a(env_nand.o)
 .debug_abbrev  0x00005c43       0xf3 common/libcommon.a(exports.o)
 .debug_abbrev  0x00005d36      0x11d common/libcommon.a(flash.o)
 .debug_abbrev  0x00005e53      0x18e common/libcommon.a(lists.o)
 .debug_abbrev  0x00005fe1       0xac common/libcommon.a(s_record.o)
 .debug_abbrev  0x0000608d      0x214 common/libcommon.a(xyzModem.o)
 .debug_abbrev  0x000062a1       0xf1 common/libcommon.a(cmd_suspend.o)
 .debug_abbrev  0x00006392       0xb8 common/libcommon.a(my_cmd.o)
 .debug_abbrev  0x0000644a       0x9f common/libcommon.a(crc16.o)
 .debug_abbrev  0x000064e9       0x90 lib_generic/libgeneric.a(crc32.o)
 .debug_abbrev  0x00006579       0x42 lib_generic/libgeneric.a(ctype.o)
 .debug_abbrev  0x000065bb       0xc1 lib_generic/libgeneric.a(display_options.o)
 .debug_abbrev  0x0000667c      0x136 lib_generic/libgeneric.a(string.o)
 .debug_abbrev  0x000067b2      0x1ad lib_generic/libgeneric.a(vsprintf.o)
 .debug_abbrev  0x0000695f      0x271 lib_generic/libgeneric.a(zlib.o)
 .debug_abbrev  0x00006bd0      0x160 board/100ask24x0/lib100ask24x0.a(100ask24x0.o)
 .debug_abbrev  0x00006d30      0x164 cpu/arm920t/libarm920t.a(cpu.o)
 .debug_abbrev  0x00006e94       0x14 cpu/arm920t/libarm920t.a(suspend.o)
 .debug_abbrev  0x00006ea8      0x17c cpu/arm920t/s3c24x0/libs3c24x0.a(serial.o)
 .debug_abbrev  0x00007024      0x1ef cpu/arm920t/s3c24x0/libs3c24x0.a(nand_flash.o)
 .debug_abbrev  0x00007213       0x14 lib_arm/libarm.a(_ashldi3.o)
 .debug_abbrev  0x00007227       0x14 lib_arm/libarm.a(_ashrdi3.o)
 .debug_abbrev  0x0000723b       0x14 lib_arm/libarm.a(_divsi3.o)
 .debug_abbrev  0x0000724f       0x14 lib_arm/libarm.a(_modsi3.o)
 .debug_abbrev  0x00007263       0x14 lib_arm/libarm.a(_umodsi3.o)
 .debug_abbrev  0x00007277      0x238 lib_arm/libarm.a(armlinux.o)
 .debug_abbrev  0x000074af       0x4e lib_arm/libarm.a(cache.o)
 .debug_abbrev  0x000074fd      0x1bc fs/cramfs/libcramfs.a(cramfs.o)
 .debug_abbrev  0x000076b9      0x150 fs/cramfs/libcramfs.a(uncompress.o)
 .debug_abbrev  0x00007809      0x31a fs/jffs2/libjffs2.a(jffs2_1pass.o)
 .debug_abbrev  0x00007b23       0x9d fs/jffs2/libjffs2.a(compr_rtime.o)
 .debug_abbrev  0x00007bc0       0xc4 fs/jffs2/libjffs2.a(compr_rubin.o)
 .debug_abbrev  0x00007c84       0x66 fs/jffs2/libjffs2.a(compr_zlib.o)
 .debug_abbrev  0x00007cea      0x253 fs/jffs2/libjffs2.a(mini_inflate.o)
 .debug_abbrev  0x00007f3d       0xdc rtc/librtc.a(date.o)
 .debug_abbrev  0x00008019      0x1c0 rtc/librtc.a(s3c24x0_rtc.o)
 .debug_abbrev  0x000081d9      0x206 drivers/nand/libnand.a(nand_util.o)

.debug_aranges  0x00000000      0xb20
 .debug_aranges
                0x00000000       0x20 cpu/arm920t/start.o
 .debug_aranges
                0x00000020       0x20 board/100ask24x0/boot_init.o
 .debug_aranges
                0x00000040       0x20 board/100ask24x0/lib100ask24x0.a(lowlevel_init.o)
 .debug_aranges
                0x00000060       0x20 cpu/arm920t/libarm920t.a(interrupts.o)
 .debug_aranges
                0x00000080       0x20 cpu/arm920t/s3c24x0/libs3c24x0.a(interrupts.o)
 .debug_aranges
                0x000000a0       0x20 cpu/arm920t/s3c24x0/libs3c24x0.a(speed.o)
 .debug_aranges
                0x000000c0       0x20 lib_arm/libarm.a(_udivsi3.o)
 .debug_aranges
                0x000000e0       0x20 lib_arm/libarm.a(board.o)
 .debug_aranges
                0x00000100       0x20 lib_arm/libarm.a(div0.o)
 .debug_aranges
                0x00000120       0x20 net/libnet.a(net.o)
 .debug_aranges
                0x00000140       0x20 net/libnet.a(tftp.o)
 .debug_aranges
                0x00000160       0x20 net/libnet.a(bootp.o)
 .debug_aranges
                0x00000180       0x20 net/libnet.a(rarp.o)
 .debug_aranges
                0x000001a0       0x20 net/libnet.a(eth.o)
 .debug_aranges
                0x000001c0       0x20 net/libnet.a(nfs.o)
 .debug_aranges
                0x000001e0       0x20 drivers/libdrivers.a(cfi_flash.o)
 .debug_aranges
                0x00000200       0x20 drivers/libdrivers.a(jedec_flash.o)
 .debug_aranges
                0x00000220       0x20 drivers/libdrivers.a(dm9000x.o)
 .debug_aranges
                0x00000240       0x20 drivers/nand/libnand.a(nand.o)
 .debug_aranges
                0x00000260       0x20 drivers/nand/libnand.a(nand_base.o)
 .debug_aranges
                0x00000280       0x20 drivers/nand/libnand.a(nand_ecc.o)
 .debug_aranges
                0x000002a0       0x20 drivers/nand/libnand.a(nand_bbt.o)
 .debug_aranges
                0x000002c0       0x20 drivers/usb/libusb.a(usbmain.o)
 .debug_aranges
                0x000002e0       0x20 drivers/usb/libusb.a(usbout.o)
 .debug_aranges
                0x00000300       0x20 drivers/usb/libusb.a(usbsetup.o)
 .debug_aranges
                0x00000320       0x20 drivers/usb/libusb.a(usbinit.o)
 .debug_aranges
                0x00000340       0x20 drivers/usb/libusb.a(usbin.o)
 .debug_aranges
                0x00000360       0x20 drivers/usb/libusb.a(usblib.o)
 .debug_aranges
                0x00000380       0x20 common/libcommon.a(main.o)
 .debug_aranges
                0x000003a0       0x20 common/libcommon.a(cmd_autoscript.o)
 .debug_aranges
                0x000003c0       0x20 common/libcommon.a(cmd_bdinfo.o)
 .debug_aranges
                0x000003e0       0x20 common/libcommon.a(cmd_boot.o)
 .debug_aranges
                0x00000400       0x20 common/libcommon.a(cmd_bootm.o)
 .debug_aranges
                0x00000420       0x20 common/libcommon.a(cmd_cache.o)
 .debug_aranges
                0x00000440       0x20 common/libcommon.a(cmd_console.o)
 .debug_aranges
                0x00000460       0x20 common/libcommon.a(cmd_date.o)
 .debug_aranges
                0x00000480       0x20 common/libcommon.a(cmd_elf.o)
 .debug_aranges
                0x000004a0       0x20 common/libcommon.a(cmd_flash.o)
 .debug_aranges
                0x000004c0       0x20 common/libcommon.a(cmd_itest.o)
 .debug_aranges
                0x000004e0       0x20 common/libcommon.a(cmd_jffs2.o)
 .debug_aranges
                0x00000500       0x20 common/libcommon.a(cmd_load.o)
 .debug_aranges
                0x00000520       0x20 common/libcommon.a(cmd_mem.o)
 .debug_aranges
                0x00000540       0x20 common/libcommon.a(cmd_misc.o)
 .debug_aranges
                0x00000560       0x20 common/libcommon.a(cmd_nand.o)
 .debug_aranges
                0x00000580       0x20 common/libcommon.a(cmd_net.o)
 .debug_aranges
                0x000005a0       0x20 common/libcommon.a(cmd_nvedit.o)
 .debug_aranges
                0x000005c0       0x20 common/libcommon.a(cmd_usbslave.o)
 .debug_aranges
                0x000005e0       0x20 common/libcommon.a(cmd_menu.o)
 .debug_aranges
                0x00000600       0x20 common/libcommon.a(command.o)
 .debug_aranges
                0x00000620       0x20 common/libcommon.a(console.o)
 .debug_aranges
                0x00000640       0x20 common/libcommon.a(devices.o)
 .debug_aranges
                0x00000660       0x20 common/libcommon.a(dlmalloc.o)
 .debug_aranges
                0x00000680       0x20 common/libcommon.a(env_common.o)
 .debug_aranges
                0x000006a0       0x20 common/libcommon.a(env_nand.o)
 .debug_aranges
                0x000006c0       0x20 common/libcommon.a(exports.o)
 .debug_aranges
                0x000006e0       0x20 common/libcommon.a(flash.o)
 .debug_aranges
                0x00000700       0x20 common/libcommon.a(lists.o)
 .debug_aranges
                0x00000720       0x20 common/libcommon.a(s_record.o)
 .debug_aranges
                0x00000740       0x20 common/libcommon.a(xyzModem.o)
 .debug_aranges
                0x00000760       0x20 common/libcommon.a(cmd_suspend.o)
 .debug_aranges
                0x00000780       0x20 common/libcommon.a(my_cmd.o)
 .debug_aranges
                0x000007a0       0x20 common/libcommon.a(crc16.o)
 .debug_aranges
                0x000007c0       0x20 lib_generic/libgeneric.a(crc32.o)
 .debug_aranges
                0x000007e0       0x20 lib_generic/libgeneric.a(display_options.o)
 .debug_aranges
                0x00000800       0x20 lib_generic/libgeneric.a(string.o)
 .debug_aranges
                0x00000820       0x20 lib_generic/libgeneric.a(vsprintf.o)
 .debug_aranges
                0x00000840       0x20 lib_generic/libgeneric.a(zlib.o)
 .debug_aranges
                0x00000860       0x20 board/100ask24x0/lib100ask24x0.a(100ask24x0.o)
 .debug_aranges
                0x00000880       0x20 cpu/arm920t/libarm920t.a(cpu.o)
 .debug_aranges
                0x000008a0       0x20 cpu/arm920t/libarm920t.a(suspend.o)
 .debug_aranges
                0x000008c0       0x20 cpu/arm920t/s3c24x0/libs3c24x0.a(serial.o)
 .debug_aranges
                0x000008e0       0x20 cpu/arm920t/s3c24x0/libs3c24x0.a(nand_flash.o)
 .debug_aranges
                0x00000900       0x20 lib_arm/libarm.a(_ashldi3.o)
 .debug_aranges
                0x00000920       0x20 lib_arm/libarm.a(_ashrdi3.o)
 .debug_aranges
                0x00000940       0x20 lib_arm/libarm.a(_divsi3.o)
 .debug_aranges
                0x00000960       0x20 lib_arm/libarm.a(_modsi3.o)
 .debug_aranges
                0x00000980       0x20 lib_arm/libarm.a(_umodsi3.o)
 .debug_aranges
                0x000009a0       0x20 lib_arm/libarm.a(armlinux.o)
 .debug_aranges
                0x000009c0       0x20 lib_arm/libarm.a(cache.o)
 .debug_aranges
                0x000009e0       0x20 fs/cramfs/libcramfs.a(cramfs.o)
 .debug_aranges
                0x00000a00       0x20 fs/cramfs/libcramfs.a(uncompress.o)
 .debug_aranges
                0x00000a20       0x20 fs/jffs2/libjffs2.a(jffs2_1pass.o)
 .debug_aranges
                0x00000a40       0x20 fs/jffs2/libjffs2.a(compr_rtime.o)
 .debug_aranges
                0x00000a60       0x20 fs/jffs2/libjffs2.a(compr_rubin.o)
 .debug_aranges
                0x00000a80       0x20 fs/jffs2/libjffs2.a(compr_zlib.o)
 .debug_aranges
                0x00000aa0       0x20 fs/jffs2/libjffs2.a(mini_inflate.o)
 .debug_aranges
                0x00000ac0       0x20 rtc/librtc.a(date.o)
 .debug_aranges
                0x00000ae0       0x20 rtc/librtc.a(s3c24x0_rtc.o)
 .debug_aranges
                0x00000b00       0x20 drivers/nand/libnand.a(nand_util.o)

.debug_frame    0x00000000     0x41c0
 .debug_frame   0x00000000      0x18c board/100ask24x0/boot_init.o
 .debug_frame   0x0000018c      0x110 cpu/arm920t/libarm920t.a(interrupts.o)
 .debug_frame   0x0000029c      0x1cc cpu/arm920t/s3c24x0/libs3c24x0.a(interrupts.o)
 .debug_frame   0x00000468       0x7c cpu/arm920t/s3c24x0/libs3c24x0.a(speed.o)
 .debug_frame   0x000004e4       0xb4 lib_arm/libarm.a(board.o)
 .debug_frame   0x00000598       0x20 lib_arm/libarm.a(div0.o)
 .debug_frame   0x000005b8      0x2c0 net/libnet.a(net.o)
 .debug_frame   0x00000878       0x8c net/libnet.a(tftp.o)
 .debug_frame   0x00000904       0x8c net/libnet.a(bootp.o)
 .debug_frame   0x00000990       0x60 net/libnet.a(rarp.o)
 .debug_frame   0x000009f0       0x20 net/libnet.a(eth.o)
 .debug_frame   0x00000a10      0x14c net/libnet.a(nfs.o)
 .debug_frame   0x00000b5c      0x2ec drivers/libdrivers.a(cfi_flash.o)
 .debug_frame   0x00000e48       0x54 drivers/libdrivers.a(jedec_flash.o)
 .debug_frame   0x00000e9c      0x1b8 drivers/libdrivers.a(dm9000x.o)
 .debug_frame   0x00001054       0x28 drivers/nand/libnand.a(nand.o)
 .debug_frame   0x0000107c      0x460 drivers/nand/libnand.a(nand_base.o)
 .debug_frame   0x000014dc       0x54 drivers/nand/libnand.a(nand_ecc.o)
 .debug_frame   0x00001530      0x1a0 drivers/nand/libnand.a(nand_bbt.o)
 .debug_frame   0x000016d0       0x70 drivers/usb/libusb.a(usbmain.o)
 .debug_frame   0x00001740       0x80 drivers/usb/libusb.a(usbout.o)
 .debug_frame   0x000017c0       0x70 drivers/usb/libusb.a(usbsetup.o)
 .debug_frame   0x00001830      0x124 drivers/usb/libusb.a(usbinit.o)
 .debug_frame   0x00001954       0x48 drivers/usb/libusb.a(usbin.o)
 .debug_frame   0x0000199c       0xd0 drivers/usb/libusb.a(usblib.o)
 .debug_frame   0x00001a6c       0xb8 common/libcommon.a(main.o)
 .debug_frame   0x00001b24       0x4c common/libcommon.a(cmd_autoscript.o)
 .debug_frame   0x00001b70       0x3c common/libcommon.a(cmd_bdinfo.o)
 .debug_frame   0x00001bac       0x2c common/libcommon.a(cmd_boot.o)
 .debug_frame   0x00001bd8      0x120 common/libcommon.a(cmd_bootm.o)
 .debug_frame   0x00001cf8       0x58 common/libcommon.a(cmd_cache.o)
 .debug_frame   0x00001d50       0x30 common/libcommon.a(cmd_console.o)
 .debug_frame   0x00001d80       0x64 common/libcommon.a(cmd_date.o)
 .debug_frame   0x00001de4       0x88 common/libcommon.a(cmd_elf.o)
 .debug_frame   0x00001e6c      0x124 common/libcommon.a(cmd_flash.o)
 .debug_frame   0x00001f90       0x74 common/libcommon.a(cmd_itest.o)
 .debug_frame   0x00002004      0x2ac common/libcommon.a(cmd_jffs2.o)
 .debug_frame   0x000022b0      0x198 common/libcommon.a(cmd_load.o)
 .debug_frame   0x00002448      0x184 common/libcommon.a(cmd_mem.o)
 .debug_frame   0x000025cc       0x30 common/libcommon.a(cmd_misc.o)
 .debug_frame   0x000025fc       0xac common/libcommon.a(cmd_nand.o)
 .debug_frame   0x000026a8       0x90 common/libcommon.a(cmd_net.o)
 .debug_frame   0x00002738      0x108 common/libcommon.a(cmd_nvedit.o)
 .debug_frame   0x00002840       0x2c common/libcommon.a(cmd_usbslave.o)
 .debug_frame   0x0000286c       0x94 common/libcommon.a(cmd_menu.o)
 .debug_frame   0x00002900       0x98 common/libcommon.a(command.o)
 .debug_frame   0x00002998      0x214 common/libcommon.a(console.o)
 .debug_frame   0x00002bac       0x5c common/libcommon.a(devices.o)
 .debug_frame   0x00002c08      0x13c common/libcommon.a(dlmalloc.o)
 .debug_frame   0x00002d44       0x7c common/libcommon.a(env_common.o)
 .debug_frame   0x00002dc0       0x88 common/libcommon.a(env_nand.o)
 .debug_frame   0x00002e48       0x48 common/libcommon.a(exports.o)
 .debug_frame   0x00002e90       0x80 common/libcommon.a(flash.o)
 .debug_frame   0x00002f10      0x134 common/libcommon.a(lists.o)
 .debug_frame   0x00003044       0x64 common/libcommon.a(s_record.o)
 .debug_frame   0x000030a8      0x128 common/libcommon.a(xyzModem.o)
 .debug_frame   0x000031d0       0x2c common/libcommon.a(cmd_suspend.o)
 .debug_frame   0x000031fc       0x28 common/libcommon.a(my_cmd.o)
 .debug_frame   0x00003224       0x28 common/libcommon.a(crc16.o)
 .debug_frame   0x0000324c       0x40 lib_generic/libgeneric.a(crc32.o)
 .debug_frame   0x0000328c       0x48 lib_generic/libgeneric.a(display_options.o)
 .debug_frame   0x000032d4      0x1dc lib_generic/libgeneric.a(string.o)
 .debug_frame   0x000034b0       0xe4 lib_generic/libgeneric.a(vsprintf.o)
 .debug_frame   0x00003594      0x1f4 lib_generic/libgeneric.a(zlib.o)
 .debug_frame   0x00003788       0x40 board/100ask24x0/lib100ask24x0.a(100ask24x0.o)
 .debug_frame   0x000037c8      0x114 cpu/arm920t/libarm920t.a(cpu.o)
 .debug_frame   0x000038dc       0x88 cpu/arm920t/s3c24x0/libs3c24x0.a(serial.o)
 .debug_frame   0x00003964       0x80 cpu/arm920t/s3c24x0/libs3c24x0.a(nand_flash.o)
 .debug_frame   0x000039e4       0xa0 lib_arm/libarm.a(armlinux.o)
 .debug_frame   0x00003a84       0x20 lib_arm/libarm.a(cache.o)
 .debug_frame   0x00003aa4      0x118 fs/cramfs/libcramfs.a(cramfs.o)
 .debug_frame   0x00003bbc       0x80 fs/cramfs/libcramfs.a(uncompress.o)
 .debug_frame   0x00003c3c      0x208 fs/jffs2/libjffs2.a(jffs2_1pass.o)
 .debug_frame   0x00003e44       0x34 fs/jffs2/libjffs2.a(compr_rtime.o)
 .debug_frame   0x00003e78       0x4c fs/jffs2/libjffs2.a(compr_rubin.o)
 .debug_frame   0x00003ec4       0x20 fs/jffs2/libjffs2.a(compr_zlib.o)
 .debug_frame   0x00003ee4       0xe8 fs/jffs2/libjffs2.a(mini_inflate.o)
 .debug_frame   0x00003fcc       0x6c rtc/librtc.a(date.o)
 .debug_frame   0x00004038       0x94 rtc/librtc.a(s3c24x0_rtc.o)
 .debug_frame   0x000040cc       0xf4 drivers/nand/libnand.a(nand_util.o)

.debug_pubnames
                0x00000000     0x2c69
 .debug_pubnames
                0x00000000       0x7d board/100ask24x0/boot_init.o
 .debug_pubnames
                0x0000007d       0xdf cpu/arm920t/libarm920t.a(interrupts.o)
 .debug_pubnames
                0x0000015c      0x19a cpu/arm920t/s3c24x0/libs3c24x0.a(interrupts.o)
 .debug_pubnames
                0x000002f6       0x46 cpu/arm920t/s3c24x0/libs3c24x0.a(speed.o)
 .debug_pubnames
                0x0000033c       0x8a lib_arm/libarm.a(board.o)
 .debug_pubnames
                0x000003c6       0x1d lib_arm/libarm.a(div0.o)
 .debug_pubnames
                0x000003e3      0x3f2 net/libnet.a(net.o)
 .debug_pubnames
                0x000007d5       0x20 net/libnet.a(tftp.o)
 .debug_pubnames
                0x000007f5       0x3c net/libnet.a(bootp.o)
 .debug_pubnames
                0x00000831       0x2e net/libnet.a(rarp.o)
 .debug_pubnames
                0x0000085f       0x25 net/libnet.a(eth.o)
 .debug_pubnames
                0x00000884       0x1f net/libnet.a(nfs.o)
 .debug_pubnames
                0x000008a3       0xa6 drivers/libdrivers.a(cfi_flash.o)
 .debug_pubnames
                0x00000949       0x3e drivers/libdrivers.a(jedec_flash.o)
 .debug_pubnames
                0x00000987       0x6b drivers/libdrivers.a(dm9000x.o)
 .debug_pubnames
                0x000009f2       0x43 drivers/nand/libnand.a(nand.o)
 .debug_pubnames
                0x00000a35       0x6e drivers/nand/libnand.a(nand_base.o)
 .debug_pubnames
                0x00000aa3       0x38 drivers/nand/libnand.a(nand_ids.o)
 .debug_pubnames
                0x00000adb       0x3f drivers/nand/libnand.a(nand_ecc.o)
 .debug_pubnames
                0x00000b1a       0x60 drivers/nand/libnand.a(nand_bbt.o)
 .debug_pubnames
                0x00000b7a       0x78 drivers/usb/libusb.a(usbmain.o)
 .debug_pubnames
                0x00000bf2       0x50 drivers/usb/libusb.a(usbout.o)
 .debug_pubnames
                0x00000c42      0x182 drivers/usb/libusb.a(usbsetup.o)
 .debug_pubnames
                0x00000dc4      0x239 drivers/usb/libusb.a(usbinit.o)
 .debug_pubnames
                0x00000ffd       0x51 drivers/usb/libusb.a(usbin.o)
 .debug_pubnames
                0x0000104e       0xaa drivers/usb/libusb.a(usblib.o)
 .debug_pubnames
                0x000010f8       0x5b common/libcommon.a(main.o)
 .debug_pubnames
                0x00001153       0x4c common/libcommon.a(cmd_autoscript.o)
 .debug_pubnames
                0x0000119f       0x38 common/libcommon.a(cmd_bdinfo.o)
 .debug_pubnames
                0x000011d7       0x47 common/libcommon.a(cmd_boot.o)
 .debug_pubnames
                0x0000121e       0xe4 common/libcommon.a(cmd_bootm.o)
 .debug_pubnames
                0x00001302       0x5e common/libcommon.a(cmd_cache.o)
 .debug_pubnames
                0x00001360       0x3a common/libcommon.a(cmd_console.o)
 .debug_pubnames
                0x0000139a       0x4d common/libcommon.a(cmd_date.o)
 .debug_pubnames
                0x000013e7       0x87 common/libcommon.a(cmd_elf.o)
 .debug_pubnames
                0x0000146e       0xb2 common/libcommon.a(cmd_flash.o)
 .debug_pubnames
                0x00001520       0x53 common/libcommon.a(cmd_itest.o)
 .debug_pubnames
                0x00001573      0x136 common/libcommon.a(cmd_jffs2.o)
 .debug_pubnames
                0x000016a9      0x1e0 common/libcommon.a(cmd_load.o)
 .debug_pubnames
                0x00001889      0x1e7 common/libcommon.a(cmd_mem.o)
 .debug_pubnames
                0x00001a70       0x36 common/libcommon.a(cmd_misc.o)
 .debug_pubnames
                0x00001aa6       0x5b common/libcommon.a(cmd_nand.o)
 .debug_pubnames
                0x00001b01       0xc6 common/libcommon.a(cmd_net.o)
 .debug_pubnames
                0x00001bc7       0xd1 common/libcommon.a(cmd_nvedit.o)
 .debug_pubnames
                0x00001c98       0x5f common/libcommon.a(cmd_usbslave.o)
 .debug_pubnames
                0x00001cf7       0x81 common/libcommon.a(cmd_menu.o)
 .debug_pubnames
                0x00001d78       0xaa common/libcommon.a(command.o)
 .debug_pubnames
                0x00001e22      0x10e common/libcommon.a(console.o)
 .debug_pubnames
                0x00001f30       0x76 common/libcommon.a(devices.o)
 .debug_pubnames
                0x00001fa6       0xb3 common/libcommon.a(dlmalloc.o)
 .debug_pubnames
                0x00002059       0xa5 common/libcommon.a(env_common.o)
 .debug_pubnames
                0x000020fe       0x75 common/libcommon.a(env_nand.o)
 .debug_pubnames